<?xml version="1.0" encoding="ISO-8859-1" ?>
<link_info>
   <banner>TI ARM Linker PC v20.2.7.LTS</banner>
   <copyright>Copyright (c) 1996-2018 Texas Instruments Incorporated</copyright>
   <link_time>0x68b87475</link_time>
   <link_errors>0x0</link_errors>
   <output_file>Cryptography_Project.out</output_file>
   <entry_point>
      <name>_c_int00_noargs</name>
      <address>0x4b31</address>
   </entry_point>
   <input_file_list>
      <input_file id="fl-2">
         <path>.\</path>
         <kind>object</kind>
         <file>main.obj</file>
         <name>main.obj</name>
      </input_file>
      <input_file id="fl-3">
         <path>.\</path>
         <kind>object</kind>
         <file>platform.obj</file>
         <name>platform.obj</name>
      </input_file>
      <input_file id="fl-4">
         <path>.\</path>
         <kind>object</kind>
         <file>platform_memory.obj</file>
         <name>platform_memory.obj</name>
      </input_file>
      <input_file id="fl-5">
         <path>.\</path>
         <kind>object</kind>
         <file>platform_util.obj</file>
         <name>platform_util.obj</name>
      </input_file>
      <input_file id="fl-6">
         <path>.\</path>
         <kind>object</kind>
         <file>sha256.obj</file>
         <name>sha256.obj</name>
      </input_file>
      <input_file id="fl-7">
         <path>.\</path>
         <kind>object</kind>
         <file>tm4c123gh6pm_startup_ccs.obj</file>
         <name>tm4c123gh6pm_startup_ccs.obj</name>
      </input_file>
      <input_file id="fl-8">
         <path>.\PORT\</path>
         <kind>object</kind>
         <file>Port.obj</file>
         <name>Port.obj</name>
      </input_file>
      <input_file id="fl-9">
         <path>.\PORT\</path>
         <kind>object</kind>
         <file>Port_PBcfg.obj</file>
         <name>Port_PBcfg.obj</name>
      </input_file>
      <input_file id="fl-a">
         <path>.\UART\</path>
         <kind>object</kind>
         <file>uart0.obj</file>
         <name>uart0.obj</name>
      </input_file>
      <input_file id="fl-b">
         <path>.\UART\</path>
         <kind>object</kind>
         <file>uart1.obj</file>
         <name>uart1.obj</name>
      </input_file>
      <input_file id="fl-c">
         <path>.\driverlib\</path>
         <kind>object</kind>
         <file>cpu.obj</file>
         <name>cpu.obj</name>
      </input_file>
      <input_file id="fl-d">
         <path>.\driverlib\</path>
         <kind>object</kind>
         <file>eeprom.obj</file>
         <name>eeprom.obj</name>
      </input_file>
      <input_file id="fl-e">
         <path>.\driverlib\</path>
         <kind>object</kind>
         <file>flash.obj</file>
         <name>flash.obj</name>
      </input_file>
      <input_file id="fl-f">
         <path>.\driverlib\</path>
         <kind>object</kind>
         <file>interrupt.obj</file>
         <name>interrupt.obj</name>
      </input_file>
      <input_file id="fl-10">
         <path>.\driverlib\</path>
         <kind>object</kind>
         <file>sysctl.obj</file>
         <name>sysctl.obj</name>
      </input_file>
      <input_file id="fl-18">
         <kind>object</kind>
         <file>&lt;internal&gt;</file>
         <name>&lt;internal&gt;</name>
      </input_file>
      <input_file id="fl-ce">
         <path>C:\ti\ccs1271\ccs\tools\compiler\ti-cgt-arm_20.2.7.LTS\lib\</path>
         <kind>archive</kind>
         <file>rtsv7M4_T_le_v4SPD16_eabi.lib</file>
         <name>printf.c.obj</name>
      </input_file>
      <input_file id="fl-cf">
         <path>C:\ti\ccs1271\ccs\tools\compiler\ti-cgt-arm_20.2.7.LTS\lib\</path>
         <kind>archive</kind>
         <file>rtsv7M4_T_le_v4SPD16_eabi.lib</file>
         <name>_printfi.c.obj</name>
      </input_file>
      <input_file id="fl-d0">
         <path>C:\ti\ccs1271\ccs\tools\compiler\ti-cgt-arm_20.2.7.LTS\lib\</path>
         <kind>archive</kind>
         <file>rtsv7M4_T_le_v4SPD16_eabi.lib</file>
         <name>fputc.c.obj</name>
      </input_file>
      <input_file id="fl-d1">
         <path>C:\ti\ccs1271\ccs\tools\compiler\ti-cgt-arm_20.2.7.LTS\lib\</path>
         <kind>archive</kind>
         <file>rtsv7M4_T_le_v4SPD16_eabi.lib</file>
         <name>fputs.c.obj</name>
      </input_file>
      <input_file id="fl-d2">
         <path>C:\ti\ccs1271\ccs\tools\compiler\ti-cgt-arm_20.2.7.LTS\lib\</path>
         <kind>archive</kind>
         <file>rtsv7M4_T_le_v4SPD16_eabi.lib</file>
         <name>_io_perm.c.obj</name>
      </input_file>
      <input_file id="fl-d3">
         <path>C:\ti\ccs1271\ccs\tools\compiler\ti-cgt-arm_20.2.7.LTS\lib\</path>
         <kind>archive</kind>
         <file>rtsv7M4_T_le_v4SPD16_eabi.lib</file>
         <name>setvbuf.c.obj</name>
      </input_file>
      <input_file id="fl-d4">
         <path>C:\ti\ccs1271\ccs\tools\compiler\ti-cgt-arm_20.2.7.LTS\lib\</path>
         <kind>archive</kind>
         <file>rtsv7M4_T_le_v4SPD16_eabi.lib</file>
         <name>fd_add_t2.asm.obj</name>
      </input_file>
      <input_file id="fl-d5">
         <path>C:\ti\ccs1271\ccs\tools\compiler\ti-cgt-arm_20.2.7.LTS\lib\</path>
         <kind>archive</kind>
         <file>rtsv7M4_T_le_v4SPD16_eabi.lib</file>
         <name>fd_cmp_t2.asm.obj</name>
      </input_file>
      <input_file id="fl-d6">
         <path>C:\ti\ccs1271\ccs\tools\compiler\ti-cgt-arm_20.2.7.LTS\lib\</path>
         <kind>archive</kind>
         <file>rtsv7M4_T_le_v4SPD16_eabi.lib</file>
         <name>fd_div_t2.asm.obj</name>
      </input_file>
      <input_file id="fl-d7">
         <path>C:\ti\ccs1271\ccs\tools\compiler\ti-cgt-arm_20.2.7.LTS\lib\</path>
         <kind>archive</kind>
         <file>rtsv7M4_T_le_v4SPD16_eabi.lib</file>
         <name>fd_mul_t2.asm.obj</name>
      </input_file>
      <input_file id="fl-d8">
         <path>C:\ti\ccs1271\ccs\tools\compiler\ti-cgt-arm_20.2.7.LTS\lib\</path>
         <kind>archive</kind>
         <file>rtsv7M4_T_le_v4SPD16_eabi.lib</file>
         <name>fd_toi_t2.asm.obj</name>
      </input_file>
      <input_file id="fl-d9">
         <path>C:\ti\ccs1271\ccs\tools\compiler\ti-cgt-arm_20.2.7.LTS\lib\</path>
         <kind>archive</kind>
         <file>rtsv7M4_T_le_v4SPD16_eabi.lib</file>
         <name>i_tofd_t2.asm.obj</name>
      </input_file>
      <input_file id="fl-da">
         <path>C:\ti\ccs1271\ccs\tools\compiler\ti-cgt-arm_20.2.7.LTS\lib\</path>
         <kind>archive</kind>
         <file>rtsv7M4_T_le_v4SPD16_eabi.lib</file>
         <name>memcpy_t2.asm.obj</name>
      </input_file>
      <input_file id="fl-db">
         <path>C:\ti\ccs1271\ccs\tools\compiler\ti-cgt-arm_20.2.7.LTS\lib\</path>
         <kind>archive</kind>
         <file>rtsv7M4_T_le_v4SPD16_eabi.lib</file>
         <name>memset_t2.asm.obj</name>
      </input_file>
      <input_file id="fl-dc">
         <path>C:\ti\ccs1271\ccs\tools\compiler\ti-cgt-arm_20.2.7.LTS\lib\</path>
         <kind>archive</kind>
         <file>rtsv7M4_T_le_v4SPD16_eabi.lib</file>
         <name>ull_div_t2.asm.obj</name>
      </input_file>
      <input_file id="fl-dd">
         <path>C:\ti\ccs1271\ccs\tools\compiler\ti-cgt-arm_20.2.7.LTS\lib\</path>
         <kind>archive</kind>
         <file>rtsv7M4_T_le_v4SPD16_eabi.lib</file>
         <name>copy_zero_init.c.obj</name>
      </input_file>
      <input_file id="fl-de">
         <path>C:\ti\ccs1271\ccs\tools\compiler\ti-cgt-arm_20.2.7.LTS\lib\</path>
         <kind>archive</kind>
         <file>rtsv7M4_T_le_v4SPD16_eabi.lib</file>
         <name>copy_decompress_none.c.obj</name>
      </input_file>
      <input_file id="fl-df">
         <path>C:\ti\ccs1271\ccs\tools\compiler\ti-cgt-arm_20.2.7.LTS\lib\</path>
         <kind>archive</kind>
         <file>rtsv7M4_T_le_v4SPD16_eabi.lib</file>
         <name>copy_decompress_lzss.c.obj</name>
      </input_file>
      <input_file id="fl-e0">
         <path>C:\ti\ccs1271\ccs\tools\compiler\ti-cgt-arm_20.2.7.LTS\lib\</path>
         <kind>archive</kind>
         <file>rtsv7M4_T_le_v4SPD16_eabi.lib</file>
         <name>exit.c.obj</name>
      </input_file>
      <input_file id="fl-e1">
         <path>C:\ti\ccs1271\ccs\tools\compiler\ti-cgt-arm_20.2.7.LTS\lib\</path>
         <kind>archive</kind>
         <file>rtsv7M4_T_le_v4SPD16_eabi.lib</file>
         <name>_lock.c.obj</name>
      </input_file>
      <input_file id="fl-e2">
         <path>C:\ti\ccs1271\ccs\tools\compiler\ti-cgt-arm_20.2.7.LTS\lib\</path>
         <kind>archive</kind>
         <file>rtsv7M4_T_le_v4SPD16_eabi.lib</file>
         <name>_ltoa.c.obj</name>
      </input_file>
      <input_file id="fl-e3">
         <path>C:\ti\ccs1271\ccs\tools\compiler\ti-cgt-arm_20.2.7.LTS\lib\</path>
         <kind>archive</kind>
         <file>rtsv7M4_T_le_v4SPD16_eabi.lib</file>
         <name>atoi.c.obj</name>
      </input_file>
      <input_file id="fl-e4">
         <path>C:\ti\ccs1271\ccs\tools\compiler\ti-cgt-arm_20.2.7.LTS\lib\</path>
         <kind>archive</kind>
         <file>rtsv7M4_T_le_v4SPD16_eabi.lib</file>
         <name>ctype.c.obj</name>
      </input_file>
      <input_file id="fl-e5">
         <path>C:\ti\ccs1271\ccs\tools\compiler\ti-cgt-arm_20.2.7.LTS\lib\</path>
         <kind>archive</kind>
         <file>rtsv7M4_T_le_v4SPD16_eabi.lib</file>
         <name>defs.c.obj</name>
      </input_file>
      <input_file id="fl-e6">
         <path>C:\ti\ccs1271\ccs\tools\compiler\ti-cgt-arm_20.2.7.LTS\lib\</path>
         <kind>archive</kind>
         <file>rtsv7M4_T_le_v4SPD16_eabi.lib</file>
         <name>memccpy.c.obj</name>
      </input_file>
      <input_file id="fl-e7">
         <path>C:\ti\ccs1271\ccs\tools\compiler\ti-cgt-arm_20.2.7.LTS\lib\</path>
         <kind>archive</kind>
         <file>rtsv7M4_T_le_v4SPD16_eabi.lib</file>
         <name>memchr.c.obj</name>
      </input_file>
      <input_file id="fl-e8">
         <path>C:\ti\ccs1271\ccs\tools\compiler\ti-cgt-arm_20.2.7.LTS\lib\</path>
         <kind>archive</kind>
         <file>rtsv7M4_T_le_v4SPD16_eabi.lib</file>
         <name>memcmp.c.obj</name>
      </input_file>
      <input_file id="fl-e9">
         <path>C:\ti\ccs1271\ccs\tools\compiler\ti-cgt-arm_20.2.7.LTS\lib\</path>
         <kind>archive</kind>
         <file>rtsv7M4_T_le_v4SPD16_eabi.lib</file>
         <name>memory.c.obj</name>
      </input_file>
      <input_file id="fl-ea">
         <path>C:\ti\ccs1271\ccs\tools\compiler\ti-cgt-arm_20.2.7.LTS\lib\</path>
         <kind>archive</kind>
         <file>rtsv7M4_T_le_v4SPD16_eabi.lib</file>
         <name>strchr.c.obj</name>
      </input_file>
      <input_file id="fl-eb">
         <path>C:\ti\ccs1271\ccs\tools\compiler\ti-cgt-arm_20.2.7.LTS\lib\</path>
         <kind>archive</kind>
         <file>rtsv7M4_T_le_v4SPD16_eabi.lib</file>
         <name>strlen.c.obj</name>
      </input_file>
      <input_file id="fl-ec">
         <path>C:\ti\ccs1271\ccs\tools\compiler\ti-cgt-arm_20.2.7.LTS\lib\</path>
         <kind>archive</kind>
         <file>rtsv7M4_T_le_v4SPD16_eabi.lib</file>
         <name>boot_cortex_m.c.obj</name>
      </input_file>
      <input_file id="fl-ed">
         <path>C:\ti\ccs1271\ccs\tools\compiler\ti-cgt-arm_20.2.7.LTS\lib\</path>
         <kind>archive</kind>
         <file>rtsv7M4_T_le_v4SPD16_eabi.lib</file>
         <name>write.c.obj</name>
      </input_file>
      <input_file id="fl-ee">
         <path>C:\ti\ccs1271\ccs\tools\compiler\ti-cgt-arm_20.2.7.LTS\lib\</path>
         <kind>archive</kind>
         <file>rtsv7M4_T_le_v4SPD16_eabi.lib</file>
         <name>host_device.c.obj</name>
      </input_file>
      <input_file id="fl-ef">
         <path>C:\ti\ccs1271\ccs\tools\compiler\ti-cgt-arm_20.2.7.LTS\lib\</path>
         <kind>archive</kind>
         <file>rtsv7M4_T_le_v4SPD16_eabi.lib</file>
         <name>errno.c.obj</name>
      </input_file>
      <input_file id="fl-f0">
         <path>C:\ti\ccs1271\ccs\tools\compiler\ti-cgt-arm_20.2.7.LTS\lib\</path>
         <kind>archive</kind>
         <file>rtsv7M4_T_le_v4SPD16_eabi.lib</file>
         <name>wcslen.c.obj</name>
      </input_file>
      <input_file id="fl-f1">
         <path>C:\ti\ccs1271\ccs\tools\compiler\ti-cgt-arm_20.2.7.LTS\lib\</path>
         <kind>archive</kind>
         <file>rtsv7M4_T_le_v4SPD16_eabi.lib</file>
         <name>s_frexp.c.obj</name>
      </input_file>
      <input_file id="fl-f2">
         <path>C:\ti\ccs1271\ccs\tools\compiler\ti-cgt-arm_20.2.7.LTS\lib\</path>
         <kind>archive</kind>
         <file>rtsv7M4_T_le_v4SPD16_eabi.lib</file>
         <name>s_scalbn.c.obj</name>
      </input_file>
      <input_file id="fl-f3">
         <path>C:\ti\ccs1271\ccs\tools\compiler\ti-cgt-arm_20.2.7.LTS\lib\</path>
         <kind>archive</kind>
         <file>rtsv7M4_T_le_v4SPD16_eabi.lib</file>
         <name>fflush.c.obj</name>
      </input_file>
      <input_file id="fl-f4">
         <path>C:\ti\ccs1271\ccs\tools\compiler\ti-cgt-arm_20.2.7.LTS\lib\</path>
         <kind>archive</kind>
         <file>rtsv7M4_T_le_v4SPD16_eabi.lib</file>
         <name>fopen.c.obj</name>
      </input_file>
      <input_file id="fl-f5">
         <path>C:\ti\ccs1271\ccs\tools\compiler\ti-cgt-arm_20.2.7.LTS\lib\</path>
         <kind>archive</kind>
         <file>rtsv7M4_T_le_v4SPD16_eabi.lib</file>
         <name>fseek.c.obj</name>
      </input_file>
      <input_file id="fl-f6">
         <path>C:\ti\ccs1271\ccs\tools\compiler\ti-cgt-arm_20.2.7.LTS\lib\</path>
         <kind>archive</kind>
         <file>rtsv7M4_T_le_v4SPD16_eabi.lib</file>
         <name>div0.asm.obj</name>
      </input_file>
      <input_file id="fl-f7">
         <path>C:\ti\ccs1271\ccs\tools\compiler\ti-cgt-arm_20.2.7.LTS\lib\</path>
         <kind>archive</kind>
         <file>rtsv7M4_T_le_v4SPD16_eabi.lib</file>
         <name>autoinit.c.obj</name>
      </input_file>
      <input_file id="fl-f8">
         <path>C:\ti\ccs1271\ccs\tools\compiler\ti-cgt-arm_20.2.7.LTS\lib\</path>
         <kind>archive</kind>
         <file>rtsv7M4_T_le_v4SPD16_eabi.lib</file>
         <name>pre_init.c.obj</name>
      </input_file>
      <input_file id="fl-f9">
         <path>C:\ti\ccs1271\ccs\tools\compiler\ti-cgt-arm_20.2.7.LTS\lib\</path>
         <kind>archive</kind>
         <file>rtsv7M4_T_le_v4SPD16_eabi.lib</file>
         <name>cpy_tbl.c.obj</name>
      </input_file>
      <input_file id="fl-fa">
         <path>C:\ti\ccs1271\ccs\tools\compiler\ti-cgt-arm_20.2.7.LTS\lib\</path>
         <kind>archive</kind>
         <file>rtsv7M4_T_le_v4SPD16_eabi.lib</file>
         <name>args_main.c.obj</name>
      </input_file>
      <input_file id="fl-fb">
         <path>C:\ti\ccs1271\ccs\tools\compiler\ti-cgt-arm_20.2.7.LTS\lib\</path>
         <kind>archive</kind>
         <file>rtsv7M4_T_le_v4SPD16_eabi.lib</file>
         <name>hostclose.c.obj</name>
      </input_file>
      <input_file id="fl-fc">
         <path>C:\ti\ccs1271\ccs\tools\compiler\ti-cgt-arm_20.2.7.LTS\lib\</path>
         <kind>archive</kind>
         <file>rtsv7M4_T_le_v4SPD16_eabi.lib</file>
         <name>hostlseek.c.obj</name>
      </input_file>
      <input_file id="fl-fd">
         <path>C:\ti\ccs1271\ccs\tools\compiler\ti-cgt-arm_20.2.7.LTS\lib\</path>
         <kind>archive</kind>
         <file>rtsv7M4_T_le_v4SPD16_eabi.lib</file>
         <name>hostopen.c.obj</name>
      </input_file>
      <input_file id="fl-fe">
         <path>C:\ti\ccs1271\ccs\tools\compiler\ti-cgt-arm_20.2.7.LTS\lib\</path>
         <kind>archive</kind>
         <file>rtsv7M4_T_le_v4SPD16_eabi.lib</file>
         <name>hostread.c.obj</name>
      </input_file>
      <input_file id="fl-ff">
         <path>C:\ti\ccs1271\ccs\tools\compiler\ti-cgt-arm_20.2.7.LTS\lib\</path>
         <kind>archive</kind>
         <file>rtsv7M4_T_le_v4SPD16_eabi.lib</file>
         <name>hostrename.c.obj</name>
      </input_file>
      <input_file id="fl-100">
         <path>C:\ti\ccs1271\ccs\tools\compiler\ti-cgt-arm_20.2.7.LTS\lib\</path>
         <kind>archive</kind>
         <file>rtsv7M4_T_le_v4SPD16_eabi.lib</file>
         <name>hostunlink.c.obj</name>
      </input_file>
      <input_file id="fl-101">
         <path>C:\ti\ccs1271\ccs\tools\compiler\ti-cgt-arm_20.2.7.LTS\lib\</path>
         <kind>archive</kind>
         <file>rtsv7M4_T_le_v4SPD16_eabi.lib</file>
         <name>hostwrite.c.obj</name>
      </input_file>
      <input_file id="fl-102">
         <path>C:\ti\ccs1271\ccs\tools\compiler\ti-cgt-arm_20.2.7.LTS\lib\</path>
         <kind>archive</kind>
         <file>rtsv7M4_T_le_v4SPD16_eabi.lib</file>
         <name>trgmsg.c.obj</name>
      </input_file>
      <input_file id="fl-103">
         <path>C:\ti\ccs1271\ccs\tools\compiler\ti-cgt-arm_20.2.7.LTS\lib\</path>
         <kind>archive</kind>
         <file>rtsv7M4_T_le_v4SPD16_eabi.lib</file>
         <name>open.c.obj</name>
      </input_file>
      <input_file id="fl-104">
         <path>C:\ti\ccs1271\ccs\tools\compiler\ti-cgt-arm_20.2.7.LTS\lib\</path>
         <kind>archive</kind>
         <file>rtsv7M4_T_le_v4SPD16_eabi.lib</file>
         <name>lseek.c.obj</name>
      </input_file>
      <input_file id="fl-105">
         <path>C:\ti\ccs1271\ccs\tools\compiler\ti-cgt-arm_20.2.7.LTS\lib\</path>
         <kind>archive</kind>
         <file>rtsv7M4_T_le_v4SPD16_eabi.lib</file>
         <name>s_copysign.c.obj</name>
      </input_file>
      <input_file id="fl-106">
         <path>C:\ti\ccs1271\ccs\tools\compiler\ti-cgt-arm_20.2.7.LTS\lib\</path>
         <kind>archive</kind>
         <file>rtsv7M4_T_le_v4SPD16_eabi.lib</file>
         <name>fclose.c.obj</name>
      </input_file>
      <input_file id="fl-107">
         <path>C:\ti\ccs1271\ccs\tools\compiler\ti-cgt-arm_20.2.7.LTS\lib\</path>
         <kind>archive</kind>
         <file>rtsv7M4_T_le_v4SPD16_eabi.lib</file>
         <name>getdevice.c.obj</name>
      </input_file>
      <input_file id="fl-108">
         <path>C:\ti\ccs1271\ccs\tools\compiler\ti-cgt-arm_20.2.7.LTS\lib\</path>
         <kind>archive</kind>
         <file>rtsv7M4_T_le_v4SPD16_eabi.lib</file>
         <name>strcmp.c.obj</name>
      </input_file>
      <input_file id="fl-109">
         <path>C:\ti\ccs1271\ccs\tools\compiler\ti-cgt-arm_20.2.7.LTS\lib\</path>
         <kind>archive</kind>
         <file>rtsv7M4_T_le_v4SPD16_eabi.lib</file>
         <name>strcpy.c.obj</name>
      </input_file>
      <input_file id="fl-10a">
         <path>C:\ti\ccs1271\ccs\tools\compiler\ti-cgt-arm_20.2.7.LTS\lib\</path>
         <kind>archive</kind>
         <file>rtsv7M4_T_le_v4SPD16_eabi.lib</file>
         <name>strncpy.c.obj</name>
      </input_file>
      <input_file id="fl-10b">
         <path>C:\ti\ccs1271\ccs\tools\compiler\ti-cgt-arm_20.2.7.LTS\lib\</path>
         <kind>archive</kind>
         <file>rtsv7M4_T_le_v4SPD16_eabi.lib</file>
         <name>remove.c.obj</name>
      </input_file>
      <input_file id="fl-10c">
         <path>C:\ti\ccs1271\ccs\tools\compiler\ti-cgt-arm_20.2.7.LTS\lib\</path>
         <kind>archive</kind>
         <file>rtsv7M4_T_le_v4SPD16_eabi.lib</file>
         <name>close.c.obj</name>
      </input_file>
      <input_file id="fl-10d">
         <path>C:\ti\ccs1271\ccs\tools\compiler\ti-cgt-arm_20.2.7.LTS\lib\</path>
         <kind>archive</kind>
         <file>rtsv7M4_T_le_v4SPD16_eabi.lib</file>
         <name>unlink.c.obj</name>
      </input_file>
   </input_file_list>
   <object_component_list>
      <object_component id="oc-12">
         <name>.intvecs</name>
         <load_address>0x0</load_address>
         <run_address>0x0</run_address>
         <size>0x26c</size>
         <input_file_ref idref="fl-7"/>
      </object_component>
      <object_component id="oc-1fa">
         <name>.text:__TI_printfi</name>
         <load_address>0x26c</load_address>
         <run_address>0x26c</run_address>
         <size>0xa4e</size>
         <input_file_ref idref="fl-cf"/>
      </object_component>
      <object_component id="oc-22b">
         <name>.text:_nop</name>
         <load_address>0xcba</load_address>
         <run_address>0xcba</run_address>
         <size>0x2</size>
         <input_file_ref idref="fl-e1"/>
      </object_component>
      <object_component id="oc-15b">
         <name>.text</name>
         <load_address>0xcbc</load_address>
         <run_address>0xcbc</run_address>
         <size>0x9ec</size>
         <input_file_ref idref="fl-10"/>
      </object_component>
      <object_component id="oc-d6">
         <name>.text</name>
         <load_address>0x16a8</load_address>
         <run_address>0x16a8</run_address>
         <size>0x7ec</size>
         <input_file_ref idref="fl-8"/>
      </object_component>
      <object_component id="oc-e8">
         <name>.text</name>
         <load_address>0x1e94</load_address>
         <run_address>0x1e94</run_address>
         <size>0x640</size>
         <input_file_ref idref="fl-6"/>
      </object_component>
      <object_component id="oc-e2">
         <name>.text</name>
         <load_address>0x24d4</load_address>
         <run_address>0x24d4</run_address>
         <size>0x338</size>
         <input_file_ref idref="fl-d"/>
      </object_component>
      <object_component id="oc-1c8">
         <name>.text</name>
         <load_address>0x280c</load_address>
         <run_address>0x280c</run_address>
         <size>0x2a4</size>
         <input_file_ref idref="fl-f"/>
      </object_component>
      <object_component id="oc-2b2">
         <name>.text:_pconv_a</name>
         <load_address>0x2ab0</load_address>
         <run_address>0x2ab0</run_address>
         <size>0x270</size>
         <input_file_ref idref="fl-cf"/>
      </object_component>
      <object_component id="oc-2a0">
         <name>.text:_pconv_g</name>
         <load_address>0x2d20</load_address>
         <run_address>0x2d20</run_address>
         <size>0x1d0</size>
         <input_file_ref idref="fl-cf"/>
      </object_component>
      <object_component id="oc-356">
         <name>.text</name>
         <load_address>0x2ef0</load_address>
         <run_address>0x2ef0</run_address>
         <size>0x1b6</size>
         <input_file_ref idref="fl-d4"/>
      </object_component>
      <object_component id="oc-3d9">
         <name>.text</name>
         <load_address>0x30a6</load_address>
         <run_address>0x30a6</run_address>
         <size>0x2</size>
         <input_file_ref idref="fl-f6"/>
      </object_component>
      <object_component id="oc-dc">
         <name>.text</name>
         <load_address>0x30a8</load_address>
         <run_address>0x30a8</run_address>
         <size>0x198</size>
         <input_file_ref idref="fl-a"/>
      </object_component>
      <object_component id="oc-2ac">
         <name>.text:_pconv_e</name>
         <load_address>0x3240</load_address>
         <run_address>0x3240</run_address>
         <size>0x13c</size>
         <input_file_ref idref="fl-cf"/>
      </object_component>
      <object_component id="oc-a2">
         <name>.text</name>
         <load_address>0x337c</load_address>
         <run_address>0x337c</run_address>
         <size>0x138</size>
         <input_file_ref idref="fl-2"/>
      </object_component>
      <object_component id="oc-33c">
         <name>.text</name>
         <load_address>0x34b4</load_address>
         <run_address>0x34b4</run_address>
         <size>0x136</size>
         <input_file_ref idref="fl-d6"/>
      </object_component>
      <object_component id="oc-368">
         <name>.text:fcvt</name>
         <load_address>0x35ec</load_address>
         <run_address>0x35ec</run_address>
         <size>0x124</size>
         <input_file_ref idref="fl-cf"/>
      </object_component>
      <object_component id="oc-2da">
         <name>.text:fputs</name>
         <load_address>0x3710</load_address>
         <run_address>0x3710</run_address>
         <size>0x114</size>
         <input_file_ref idref="fl-d1"/>
      </object_component>
      <object_component id="oc-37c">
         <name>.text:scalbn</name>
         <load_address>0x3824</load_address>
         <run_address>0x3824</run_address>
         <size>0x110</size>
         <input_file_ref idref="fl-f2"/>
      </object_component>
      <object_component id="oc-3c6">
         <name>.text:aligned_alloc</name>
         <load_address>0x3934</load_address>
         <run_address>0x3934</run_address>
         <size>0x100</size>
         <input_file_ref idref="fl-e9"/>
      </object_component>
      <object_component id="oc-337">
         <name>.text</name>
         <load_address>0x3a34</load_address>
         <run_address>0x3a34</run_address>
         <size>0xfc</size>
         <input_file_ref idref="fl-d7"/>
      </object_component>
      <object_component id="oc-27a">
         <name>.text:free</name>
         <load_address>0x3b30</load_address>
         <run_address>0x3b30</run_address>
         <size>0xe4</size>
         <input_file_ref idref="fl-e9"/>
      </object_component>
      <object_component id="oc-414">
         <name>.text:setvbuf</name>
         <load_address>0x3c14</load_address>
         <run_address>0x3c14</run_address>
         <size>0xdc</size>
         <input_file_ref idref="fl-d3"/>
      </object_component>
      <object_component id="oc-295">
         <name>.text:_ltostr</name>
         <load_address>0x3cf0</load_address>
         <run_address>0x3cf0</run_address>
         <size>0xb1</size>
         <input_file_ref idref="fl-cf"/>
      </object_component>
      <object_component id="oc-3e">
         <name>.text</name>
         <load_address>0x3da2</load_address>
         <run_address>0x3da2</run_address>
         <size>0x9c</size>
         <input_file_ref idref="fl-da"/>
      </object_component>
      <object_component id="oc-330">
         <name>.text</name>
         <load_address>0x3e3e</load_address>
         <run_address>0x3e3e</run_address>
         <size>0x96</size>
         <input_file_ref idref="fl-dc"/>
      </object_component>
      <object_component id="oc-2e1">
         <name>.text:fputc</name>
         <load_address>0x3ed4</load_address>
         <run_address>0x3ed4</run_address>
         <size>0x8c</size>
         <input_file_ref idref="fl-d0"/>
      </object_component>
      <object_component id="oc-29b">
         <name>.text:__aeabi_cdcmple</name>
         <load_address>0x3f60</load_address>
         <run_address>0x3f60</run_address>
         <size>0x86</size>
         <input_file_ref idref="fl-d5"/>
      </object_component>
      <object_component id="oc-341">
         <name>.text:__aeabi_cdrcmple</name>
         <load_address>0x3fe6</load_address>
         <run_address>0x3fe6</run_address>
         <size>0x86</size>
         <input_file_ref idref="fl-d5"/>
      </object_component>
      <object_component id="oc-96">
         <name>.text</name>
         <load_address>0x406c</load_address>
         <run_address>0x406c</run_address>
         <size>0x7a</size>
         <input_file_ref idref="fl-db"/>
      </object_component>
      <object_component id="oc-475">
         <name>.text:__TI_closefile</name>
         <load_address>0x40e8</load_address>
         <run_address>0x40e8</run_address>
         <size>0x74</size>
         <input_file_ref idref="fl-106"/>
      </object_component>
      <object_component id="oc-429">
         <name>.text:split</name>
         <load_address>0x415c</load_address>
         <run_address>0x415c</run_address>
         <size>0x70</size>
         <input_file_ref idref="fl-e9"/>
      </object_component>
      <object_component id="oc-361">
         <name>.text:_mcpy</name>
         <load_address>0x41cc</load_address>
         <run_address>0x41cc</run_address>
         <size>0x6e</size>
         <input_file_ref idref="fl-cf"/>
      </object_component>
      <object_component id="oc-4a5">
         <name>.text:HOSTrename</name>
         <load_address>0x423c</load_address>
         <run_address>0x423c</run_address>
         <size>0x6c</size>
         <input_file_ref idref="fl-ff"/>
      </object_component>
      <object_component id="oc-499">
         <name>.text:HOSTlseek</name>
         <load_address>0x42a8</load_address>
         <run_address>0x42a8</run_address>
         <size>0x68</size>
         <input_file_ref idref="fl-fc"/>
      </object_component>
      <object_component id="oc-15">
         <name>.text:decompress:lzss:__TI_decompress_lzss</name>
         <load_address>0x4310</load_address>
         <run_address>0x4310</run_address>
         <size>0x68</size>
         <input_file_ref idref="fl-df"/>
      </object_component>
      <object_component id="oc-172">
         <name>.text:printf</name>
         <load_address>0x4378</load_address>
         <run_address>0x4378</run_address>
         <size>0x68</size>
         <input_file_ref idref="fl-ce"/>
      </object_component>
      <object_component id="oc-376">
         <name>.text:frexp</name>
         <load_address>0x43e0</load_address>
         <run_address>0x43e0</run_address>
         <size>0x64</size>
         <input_file_ref idref="fl-f1"/>
      </object_component>
      <object_component id="oc-40e">
         <name>.text:fseek</name>
         <load_address>0x4444</load_address>
         <run_address>0x4444</run_address>
         <size>0x64</size>
         <input_file_ref idref="fl-f5"/>
      </object_component>
      <object_component id="oc-3aa">
         <name>.text:__TI_wrt_ok</name>
         <load_address>0x44a8</load_address>
         <run_address>0x44a8</run_address>
         <size>0x62</size>
         <input_file_ref idref="fl-d2"/>
      </object_component>
      <object_component id="oc-481">
         <name>.text:HOSTopen</name>
         <load_address>0x450c</load_address>
         <run_address>0x450c</run_address>
         <size>0x60</size>
         <input_file_ref idref="fl-fd"/>
      </object_component>
      <object_component id="oc-4b1">
         <name>.text:close</name>
         <load_address>0x456c</load_address>
         <run_address>0x456c</run_address>
         <size>0x5c</size>
         <input_file_ref idref="fl-10c"/>
      </object_component>
      <object_component id="oc-48d">
         <name>.text:HOSTread</name>
         <load_address>0x45c8</load_address>
         <run_address>0x45c8</run_address>
         <size>0x58</size>
         <input_file_ref idref="fl-fe"/>
      </object_component>
      <object_component id="oc-493">
         <name>.text:HOSTwrite</name>
         <load_address>0x4620</load_address>
         <run_address>0x4620</run_address>
         <size>0x58</size>
         <input_file_ref idref="fl-101"/>
      </object_component>
      <object_component id="oc-2a6">
         <name>.text:_pconv_f</name>
         <load_address>0x4678</load_address>
         <run_address>0x4678</run_address>
         <size>0x56</size>
         <input_file_ref idref="fl-cf"/>
      </object_component>
      <object_component id="oc-34b">
         <name>.text:__TI_ltoa</name>
         <load_address>0x46ce</load_address>
         <run_address>0x46ce</run_address>
         <size>0x54</size>
         <input_file_ref idref="fl-e2"/>
      </object_component>
      <object_component id="oc-35b">
         <name>.text:_ecpy</name>
         <load_address>0x4722</load_address>
         <run_address>0x4722</run_address>
         <size>0x52</size>
         <input_file_ref idref="fl-cf"/>
      </object_component>
      <object_component id="oc-3b6">
         <name>.text:__TI_doflush</name>
         <load_address>0x4774</load_address>
         <run_address>0x4774</run_address>
         <size>0x4c</size>
         <input_file_ref idref="fl-f3"/>
      </object_component>
      <object_component id="oc-28f">
         <name>.text:atoi</name>
         <load_address>0x47c0</load_address>
         <run_address>0x47c0</run_address>
         <size>0x4c</size>
         <input_file_ref idref="fl-e3"/>
      </object_component>
      <object_component id="oc-103">
         <name>.text:exit</name>
         <load_address>0x480c</load_address>
         <run_address>0x480c</run_address>
         <size>0x48</size>
         <input_file_ref idref="fl-e0"/>
      </object_component>
      <object_component id="oc-346">
         <name>.text</name>
         <load_address>0x4854</load_address>
         <run_address>0x4854</run_address>
         <size>0x48</size>
         <input_file_ref idref="fl-d8"/>
      </object_component>
      <object_component id="oc-487">
         <name>.text:HOSTclose</name>
         <load_address>0x489c</load_address>
         <run_address>0x489c</run_address>
         <size>0x44</size>
         <input_file_ref idref="fl-fb"/>
      </object_component>
      <object_component id="oc-49f">
         <name>.text:HOSTunlink</name>
         <load_address>0x48e0</load_address>
         <run_address>0x48e0</run_address>
         <size>0x44</size>
         <input_file_ref idref="fl-100"/>
      </object_component>
      <object_component id="oc-109">
         <name>.text:__TI_auto_init_nobinit_nopinit:__TI_auto_init_nobinit_nopinit</name>
         <load_address>0x4924</load_address>
         <run_address>0x4924</run_address>
         <size>0x44</size>
         <input_file_ref idref="fl-f7"/>
      </object_component>
      <object_component id="oc-4e6">
         <name>.text:getdevice</name>
         <load_address>0x4968</load_address>
         <run_address>0x4968</run_address>
         <size>0x44</size>
         <input_file_ref idref="fl-107"/>
      </object_component>
      <object_component id="oc-36e">
         <name>.text:_fcpy</name>
         <load_address>0x49ac</load_address>
         <run_address>0x49ac</run_address>
         <size>0x3e</size>
         <input_file_ref idref="fl-cf"/>
      </object_component>
      <object_component id="oc-4c2">
         <name>.text:__TI_writemsg</name>
         <load_address>0x49ec</load_address>
         <run_address>0x49ec</run_address>
         <size>0x38</size>
         <input_file_ref idref="fl-102"/>
      </object_component>
      <object_component id="oc-274">
         <name>.text:calloc</name>
         <load_address>0x4a24</load_address>
         <run_address>0x4a24</run_address>
         <size>0x38</size>
         <input_file_ref idref="fl-e9"/>
      </object_component>
      <object_component id="oc-1d1">
         <name>.text</name>
         <load_address>0x4a5c</load_address>
         <run_address>0x4a5c</run_address>
         <size>0x36</size>
         <input_file_ref idref="fl-c"/>
      </object_component>
      <object_component id="oc-508">
         <name>.text:strncpy</name>
         <load_address>0x4a92</load_address>
         <run_address>0x4a92</run_address>
         <size>0x36</size>
         <input_file_ref idref="fl-10a"/>
      </object_component>
      <object_component id="oc-44b">
         <name>.text:__TI_cleanup</name>
         <load_address>0x4ac8</load_address>
         <run_address>0x4ac8</run_address>
         <size>0x34</size>
         <input_file_ref idref="fl-f4"/>
      </object_component>
      <object_component id="oc-4c8">
         <name>.text:__TI_readmsg</name>
         <load_address>0x4afc</load_address>
         <run_address>0x4afc</run_address>
         <size>0x34</size>
         <input_file_ref idref="fl-102"/>
      </object_component>
      <object_component id="oc-5c">
         <name>.text:_c_int00_noargs:_c_int00_noargs</name>
         <load_address>0x4b30</load_address>
         <run_address>0x4b30</run_address>
         <size>0x34</size>
         <input_file_ref idref="fl-ec"/>
      </object_component>
      <object_component id="oc-50e">
         <name>.text:finddevice</name>
         <load_address>0x4b64</load_address>
         <run_address>0x4b64</run_address>
         <size>0x30</size>
         <input_file_ref idref="fl-107"/>
      </object_component>
      <object_component id="oc-16c">
         <name>.text</name>
         <load_address>0x4b94</load_address>
         <run_address>0x4b94</run_address>
         <size>0x30</size>
         <input_file_ref idref="fl-3"/>
      </object_component>
      <object_component id="oc-351">
         <name>.text</name>
         <load_address>0x4bc4</load_address>
         <run_address>0x4bc4</run_address>
         <size>0x2e</size>
         <input_file_ref idref="fl-d9"/>
      </object_component>
      <object_component id="oc-4b7">
         <name>.text:unlink</name>
         <load_address>0x4bf4</load_address>
         <run_address>0x4bf4</run_address>
         <size>0x2c</size>
         <input_file_ref idref="fl-10d"/>
      </object_component>
      <object_component id="oc-322">
         <name>.text:free_list_insert</name>
         <load_address>0x4c20</load_address>
         <run_address>0x4c20</run_address>
         <size>0x28</size>
         <input_file_ref idref="fl-e9"/>
      </object_component>
      <object_component id="oc-443">
         <name>.text:lseek</name>
         <load_address>0x4c48</load_address>
         <run_address>0x4c48</run_address>
         <size>0x28</size>
         <input_file_ref idref="fl-104"/>
      </object_component>
      <object_component id="oc-163">
         <name>.text</name>
         <load_address>0x4c70</load_address>
         <run_address>0x4c70</run_address>
         <size>0x28</size>
         <input_file_ref idref="fl-5"/>
      </object_component>
      <object_component id="oc-3bc">
         <name>.text:write</name>
         <load_address>0x4c98</load_address>
         <run_address>0x4c98</run_address>
         <size>0x28</size>
         <input_file_ref idref="fl-ed"/>
      </object_component>
      <object_component id="oc-178">
         <name>.text:memcmp</name>
         <load_address>0x4cc0</load_address>
         <run_address>0x4cc0</run_address>
         <size>0x24</size>
         <input_file_ref idref="fl-e8"/>
      </object_component>
      <object_component id="oc-3b0">
         <name>.text:memchr</name>
         <load_address>0x4ce4</load_address>
         <run_address>0x4ce4</run_address>
         <size>0x20</size>
         <input_file_ref idref="fl-e7"/>
      </object_component>
      <object_component id="oc-31c">
         <name>.text:free_list_remove</name>
         <load_address>0x4d04</load_address>
         <run_address>0x4d04</run_address>
         <size>0x1c</size>
         <input_file_ref idref="fl-e9"/>
      </object_component>
      <object_component id="oc-2b8">
         <name>.text:memccpy</name>
         <load_address>0x4d20</load_address>
         <run_address>0x4d20</run_address>
         <size>0x1c</size>
         <input_file_ref idref="fl-e6"/>
      </object_component>
      <object_component id="oc-3f2">
         <name>.text:copysign</name>
         <load_address>0x4d3c</load_address>
         <run_address>0x4d3c</run_address>
         <size>0x1a</size>
         <input_file_ref idref="fl-105"/>
      </object_component>
      <object_component id="oc-525">
         <name>.text:strcmp</name>
         <load_address>0x4d56</load_address>
         <run_address>0x4d56</run_address>
         <size>0x18</size>
         <input_file_ref idref="fl-108"/>
      </object_component>
      <object_component id="oc-382">
         <name>.text:strchr</name>
         <load_address>0x4d6e</load_address>
         <run_address>0x4d6e</run_address>
         <size>0x16</size>
         <input_file_ref idref="fl-ea"/>
      </object_component>
      <object_component id="oc-4dc">
         <name>.text:strcpy</name>
         <load_address>0x4d84</load_address>
         <run_address>0x4d84</run_address>
         <size>0x14</size>
         <input_file_ref idref="fl-109"/>
      </object_component>
      <object_component id="oc-289">
         <name>.text:strlen</name>
         <load_address>0x4d98</load_address>
         <run_address>0x4d98</run_address>
         <size>0x14</size>
         <input_file_ref idref="fl-eb"/>
      </object_component>
      <object_component id="oc-2be">
         <name>.text:wcslen</name>
         <load_address>0x4dac</load_address>
         <run_address>0x4dac</run_address>
         <size>0x12</size>
         <input_file_ref idref="fl-f0"/>
      </object_component>
      <object_component id="oc-1b">
         <name>.text:decompress:none:__TI_decompress_none</name>
         <load_address>0x4dbe</load_address>
         <run_address>0x4dbe</run_address>
         <size>0xe</size>
         <input_file_ref idref="fl-de"/>
      </object_component>
      <object_component id="oc-50">
         <name>.text:decompress:ZI:__TI_zero_init</name>
         <load_address>0x4dcc</load_address>
         <run_address>0x4dcc</run_address>
         <size>0xc</size>
         <input_file_ref idref="fl-dd"/>
      </object_component>
      <object_component id="oc-2a">
         <name>.text</name>
         <load_address>0x4dd8</load_address>
         <run_address>0x4dd8</run_address>
         <size>0xc</size>
         <input_file_ref idref="fl-7"/>
      </object_component>
      <object_component id="oc-2c4">
         <name>.text:__aeabi_errno_addr</name>
         <load_address>0x4de4</load_address>
         <run_address>0x4de4</run_address>
         <size>0x8</size>
         <input_file_ref idref="fl-ef"/>
      </object_component>
      <object_component id="oc-315">
         <name>.text:malloc</name>
         <load_address>0x4dec</load_address>
         <run_address>0x4dec</run_address>
         <size>0x8</size>
         <input_file_ref idref="fl-e9"/>
      </object_component>
      <object_component id="oc-15a">
         <name>.text:SysCtlDelay</name>
         <load_address>0x4df4</load_address>
         <run_address>0x4df4</run_address>
         <size>0x6</size>
         <input_file_ref idref="fl-10"/>
      </object_component>
      <object_component id="oc-209">
         <name>.text:_outc</name>
         <load_address>0x4dfa</load_address>
         <run_address>0x4dfa</run_address>
         <size>0x4</size>
         <input_file_ref idref="fl-ce"/>
      </object_component>
      <object_component id="oc-203">
         <name>.text:_outs</name>
         <load_address>0x4dfe</load_address>
         <run_address>0x4dfe</run_address>
         <size>0x4</size>
         <input_file_ref idref="fl-ce"/>
      </object_component>
      <object_component id="oc-9c">
         <name>.text:_system_pre_init</name>
         <load_address>0x4e02</load_address>
         <run_address>0x4e02</run_address>
         <size>0x4</size>
         <input_file_ref idref="fl-f8"/>
      </object_component>
      <object_component id="oc-fd">
         <name>.text:abort:abort</name>
         <load_address>0x4e06</load_address>
         <run_address>0x4e06</run_address>
         <size>0x4</size>
         <input_file_ref idref="fl-e0"/>
      </object_component>
      <object_component id="oc-1da">
         <name>.const:g_pppui32XTALtoVCO</name>
         <load_address>0x4e0c</load_address>
         <run_address>0x4e0c</run_address>
         <size>0x1b0</size>
         <input_file_ref idref="fl-10"/>
      </object_component>
      <object_component id="oc-ee">
         <name>.const:Port_PinConfig</name>
         <load_address>0x4fbc</load_address>
         <run_address>0x4fbc</run_address>
         <size>0x158</size>
         <input_file_ref idref="fl-9"/>
      </object_component>
      <object_component id="oc-32b">
         <name>.const:.string:_ctypes_</name>
         <load_address>0x5114</load_address>
         <run_address>0x5114</run_address>
         <size>0x101</size>
         <input_file_ref idref="fl-e4"/>
      </object_component>
      <object_component id="oc-169">
         <name>.const:K</name>
         <load_address>0x5218</load_address>
         <run_address>0x5218</run_address>
         <size>0x100</size>
         <input_file_ref idref="fl-6"/>
      </object_component>
      <object_component id="oc-184">
         <name>.const:sha_test_buf</name>
         <load_address>0x5318</load_address>
         <run_address>0x5318</run_address>
         <size>0xab</size>
         <input_file_ref idref="fl-6"/>
      </object_component>
      <object_component id="oc-24d">
         <name>.const:g_pui32Regs</name>
         <load_address>0x53c4</load_address>
         <run_address>0x53c4</run_address>
         <size>0x9c</size>
         <input_file_ref idref="fl-f"/>
      </object_component>
      <object_component id="oc-1ce">
         <name>.const:g_pui32Xtals</name>
         <load_address>0x5460</load_address>
         <run_address>0x5460</run_address>
         <size>0x6c</size>
         <input_file_ref idref="fl-10"/>
      </object_component>
      <object_component id="oc-17e">
         <name>.const:sha224_test_sum</name>
         <load_address>0x54cc</load_address>
         <run_address>0x54cc</run_address>
         <size>0x60</size>
         <input_file_ref idref="fl-6"/>
      </object_component>
      <object_component id="oc-181">
         <name>.const:sha256_test_sum</name>
         <load_address>0x552c</load_address>
         <run_address>0x552c</run_address>
         <size>0x60</size>
         <input_file_ref idref="fl-6"/>
      </object_component>
      <object_component id="oc-1d7">
         <name>.const:g_sXTALtoMEMTIM</name>
         <load_address>0x558c</load_address>
         <run_address>0x558c</run_address>
         <size>0x30</size>
         <input_file_ref idref="fl-10"/>
      </object_component>
      <object_component id="oc-250">
         <name>.const:g_pui32Priority</name>
         <load_address>0x55bc</load_address>
         <run_address>0x55bc</run_address>
         <size>0x20</size>
         <input_file_ref idref="fl-f"/>
      </object_component>
      <object_component id="oc-f4">
         <name>.const:.string:$P$T0$1</name>
         <load_address>0x55dc</load_address>
         <run_address>0x55dc</run_address>
         <size>0x18</size>
         <input_file_ref idref="fl-2"/>
      </object_component>
      <object_component id="oc-25c">
         <name>.const:g_pui32Dii16Regs</name>
         <load_address>0x55f4</load_address>
         <run_address>0x55f4</run_address>
         <size>0x14</size>
         <input_file_ref idref="fl-f"/>
      </object_component>
      <object_component id="oc-259">
         <name>.const:g_pui32EnRegs</name>
         <load_address>0x5608</load_address>
         <run_address>0x5608</run_address>
         <size>0x14</size>
         <input_file_ref idref="fl-f"/>
      </object_component>
      <object_component id="oc-253">
         <name>.const:g_pui32PendRegs</name>
         <load_address>0x561c</load_address>
         <run_address>0x561c</run_address>
         <size>0x14</size>
         <input_file_ref idref="fl-f"/>
      </object_component>
      <object_component id="oc-256">
         <name>.const:g_pui32UnpendRegs</name>
         <load_address>0x5630</load_address>
         <run_address>0x5630</run_address>
         <size>0x14</size>
         <input_file_ref idref="fl-f"/>
      </object_component>
      <object_component id="oc-187">
         <name>.const:sha_test_buflen</name>
         <load_address>0x5644</load_address>
         <run_address>0x5644</run_address>
         <size>0xc</size>
         <input_file_ref idref="fl-6"/>
      </object_component>
      <object_component id="oc-1dd">
         <name>.const:g_pui32VCOFrequencies</name>
         <load_address>0x5650</load_address>
         <run_address>0x5650</run_address>
         <size>0x8</size>
         <input_file_ref idref="fl-10"/>
      </object_component>
      <object_component id="oc-1ee">
         <name>.const</name>
         <load_address>0x5658</load_address>
         <run_address>0x5658</run_address>
         <size>0x4</size>
         <input_file_ref idref="fl-5"/>
      </object_component>
      <object_component id="oc-560">
         <name>.cinit..data.load</name>
         <load_address>0x5660</load_address>
         <run_address>0x5660</run_address>
         <size>0x7f</size>
      </object_component>
      <object_component id="oc-55d">
         <name>__TI_handler_table</name>
         <load_address>0x56e0</load_address>
         <run_address>0x56e0</run_address>
         <size>0xc</size>
      </object_component>
      <object_component id="oc-561">
         <name>.cinit..bss.load</name>
         <load_address>0x56f0</load_address>
         <run_address>0x56f0</run_address>
         <size>0x8</size>
      </object_component>
      <object_component id="oc-55f">
         <name>.cinit..vtable.load</name>
         <load_address>0x56f8</load_address>
         <run_address>0x56f8</run_address>
         <size>0x8</size>
      </object_component>
      <object_component id="oc-55e">
         <name>__TI_cinit_table</name>
         <load_address>0x5700</load_address>
         <run_address>0x5700</run_address>
         <size>0x18</size>
      </object_component>
      <object_component id="oc-24a">
         <name>.vtable</name>
         <uninitialized>true</uninitialized>
         <run_address>0x20000000</run_address>
         <size>0x26c</size>
         <input_file_ref idref="fl-f"/>
      </object_component>
      <object_component id="oc-f1">
         <name>.data:UART_Config</name>
         <load_address>0x20000440</load_address>
         <run_address>0x20000440</run_address>
         <size>0xc</size>
         <input_file_ref idref="fl-2"/>
      </object_component>
      <object_component id="oc-1f5">
         <name>.data</name>
         <load_address>0x20000464</load_address>
         <run_address>0x20000464</run_address>
         <size>0x8</size>
         <input_file_ref idref="fl-3"/>
      </object_component>
      <object_component id="oc-154">
         <name>.data</name>
         <load_address>0x2000045c</load_address>
         <run_address>0x2000045c</run_address>
         <size>0x8</size>
         <input_file_ref idref="fl-8"/>
      </object_component>
      <object_component id="oc-19e">
         <name>.data:$O1$$</name>
         <load_address>0x20000434</load_address>
         <run_address>0x20000434</run_address>
         <size>0xc</size>
         <input_file_ref idref="fl-e0"/>
      </object_component>
      <object_component id="oc-1a1">
         <name>.data:$O1$$</name>
         <load_address>0x2000044c</load_address>
         <run_address>0x2000044c</run_address>
         <size>0x8</size>
         <input_file_ref idref="fl-e1"/>
      </object_component>
      <object_component id="oc-200">
         <name>.data:_ftable</name>
         <load_address>0x2000026c</load_address>
         <run_address>0x2000026c</run_address>
         <size>0xf0</size>
         <input_file_ref idref="fl-e5"/>
      </object_component>
      <object_component id="oc-47b">
         <name>.data</name>
         <load_address>0x20000424</load_address>
         <run_address>0x20000424</run_address>
         <size>0x10</size>
         <input_file_ref idref="fl-e5"/>
      </object_component>
      <object_component id="oc-3cd">
         <name>.data:$O1$$</name>
         <load_address>0x20000454</load_address>
         <run_address>0x20000454</run_address>
         <size>0x8</size>
         <input_file_ref idref="fl-e9"/>
      </object_component>
      <object_component id="oc-45e">
         <name>.data:_device</name>
         <load_address>0x2000035c</load_address>
         <run_address>0x2000035c</run_address>
         <size>0x78</size>
         <input_file_ref idref="fl-ee"/>
      </object_component>
      <object_component id="oc-420">
         <name>.data:_stream</name>
         <load_address>0x200003d4</load_address>
         <run_address>0x200003d4</run_address>
         <size>0x50</size>
         <input_file_ref idref="fl-ee"/>
      </object_component>
      <object_component id="oc-392">
         <name>.data</name>
         <load_address>0x2000046c</load_address>
         <run_address>0x2000046c</run_address>
         <size>0x4</size>
         <input_file_ref idref="fl-ef"/>
      </object_component>
      <object_component id="oc-4f0">
         <name>.bss:_CIOBUF_</name>
         <uninitialized>true</uninitialized>
         <run_address>0x20000670</run_address>
         <size>0x120</size>
         <input_file_ref idref="fl-102"/>
      </object_component>
      <object_component id="oc-151">
         <name>.common:Port_AllowedModes</name>
         <uninitialized>true</uninitialized>
         <run_address>0x20000830</run_address>
         <size>0xc</size>
      </object_component>
      <object_component id="oc-4bd">
         <name>.common:__TI_tmpnams</name>
         <uninitialized>true</uninitialized>
         <run_address>0x20000790</run_address>
         <size>0xa0</size>
      </object_component>
      <object_component id="oc-4ce">
         <name>.common:parmbuf</name>
         <uninitialized>true</uninitialized>
         <run_address>0x2000083c</run_address>
         <size>0x8</size>
      </object_component>
      <object_component id="oc-24">
         <name>.sysmem</name>
         <uninitialized>true</uninitialized>
         <run_address>0x20000848</run_address>
         <size>0x10</size>
         <input_file_ref idref="fl-e9"/>
      </object_component>
      <object_component id="oc-564">
         <name>.sysmem</name>
         <uninitialized>true</uninitialized>
         <run_address>0x20000848</run_address>
         <size>0x0</size>
      </object_component>
      <object_component id="oc-27">
         <name>.stack</name>
         <uninitialized>true</uninitialized>
         <run_address>0x20000470</run_address>
         <size>0x4</size>
         <input_file_ref idref="fl-ec"/>
      </object_component>
      <object_component id="oc-563">
         <name>.stack</name>
         <uninitialized>true</uninitialized>
         <run_address>0x20000470</run_address>
         <size>0x0</size>
      </object_component>
      <object_component id="oc-c5">
         <name>.debug_info</name>
         <load_address>0x0</load_address>
         <run_address>0x0</run_address>
         <size>0x4c7</size>
         <input_file_ref idref="fl-2"/>
      </object_component>
      <object_component id="oc-f2">
         <name>.debug_info</name>
         <load_address>0x4c7</load_address>
         <run_address>0x4c7</run_address>
         <size>0xda</size>
         <input_file_ref idref="fl-2"/>
      </object_component>
      <object_component id="oc-f5">
         <name>.debug_info</name>
         <load_address>0x5a1</load_address>
         <run_address>0x5a1</run_address>
         <size>0xd2</size>
         <input_file_ref idref="fl-2"/>
      </object_component>
      <object_component id="oc-a3">
         <name>.debug_info</name>
         <load_address>0x673</load_address>
         <run_address>0x673</run_address>
         <size>0x3c4</size>
         <input_file_ref idref="fl-2"/>
      </object_component>
      <object_component id="oc-13d">
         <name>.debug_info</name>
         <load_address>0xa37</load_address>
         <run_address>0xa37</run_address>
         <size>0x200</size>
         <input_file_ref idref="fl-2"/>
      </object_component>
      <object_component id="oc-147">
         <name>.debug_info</name>
         <load_address>0xc37</load_address>
         <run_address>0xc37</run_address>
         <size>0x202</size>
         <input_file_ref idref="fl-2"/>
      </object_component>
      <object_component id="oc-142">
         <name>.debug_info</name>
         <load_address>0xe39</load_address>
         <run_address>0xe39</run_address>
         <size>0x4b</size>
         <input_file_ref idref="fl-2"/>
      </object_component>
      <object_component id="oc-77">
         <name>.debug_info</name>
         <load_address>0xe84</load_address>
         <run_address>0xe84</run_address>
         <size>0x26b</size>
         <input_file_ref idref="fl-2"/>
      </object_component>
      <object_component id="oc-1bf">
         <name>.debug_info</name>
         <load_address>0x10ef</load_address>
         <run_address>0x10ef</run_address>
         <size>0xa7</size>
         <input_file_ref idref="fl-2"/>
      </object_component>
      <object_component id="oc-39">
         <name>.debug_info</name>
         <load_address>0x1196</load_address>
         <run_address>0x1196</run_address>
         <size>0x84</size>
         <input_file_ref idref="fl-2"/>
      </object_component>
      <object_component id="oc-c0">
         <name>.debug_info</name>
         <load_address>0x121a</load_address>
         <run_address>0x121a</run_address>
         <size>0x2a4</size>
         <input_file_ref idref="fl-2"/>
      </object_component>
      <object_component id="oc-1e2">
         <name>.debug_info</name>
         <load_address>0x14be</load_address>
         <run_address>0x14be</run_address>
         <size>0xef</size>
         <input_file_ref idref="fl-2"/>
      </object_component>
      <object_component id="oc-7c">
         <name>.debug_info</name>
         <load_address>0x15ad</load_address>
         <run_address>0x15ad</run_address>
         <size>0xbb</size>
         <input_file_ref idref="fl-2"/>
      </object_component>
      <object_component id="oc-f8">
         <name>.debug_info</name>
         <load_address>0x1668</load_address>
         <run_address>0x1668</run_address>
         <size>0xae</size>
         <input_file_ref idref="fl-2"/>
      </object_component>
      <object_component id="oc-14c">
         <name>.debug_info</name>
         <load_address>0x1716</load_address>
         <run_address>0x1716</run_address>
         <size>0x53</size>
         <input_file_ref idref="fl-2"/>
      </object_component>
      <object_component id="oc-1f9">
         <name>.debug_info</name>
         <load_address>0x1769</load_address>
         <run_address>0x1769</run_address>
         <size>0x336</size>
         <input_file_ref idref="fl-3"/>
      </object_component>
      <object_component id="oc-1f6">
         <name>.debug_info</name>
         <load_address>0x1a9f</load_address>
         <run_address>0x1a9f</run_address>
         <size>0x120</size>
         <input_file_ref idref="fl-3"/>
      </object_component>
      <object_component id="oc-16d">
         <name>.debug_info</name>
         <load_address>0x1bbf</load_address>
         <run_address>0x1bbf</run_address>
         <size>0x39e</size>
         <input_file_ref idref="fl-3"/>
      </object_component>
      <object_component id="oc-cd">
         <name>.debug_info</name>
         <load_address>0x1f5d</load_address>
         <run_address>0x1f5d</run_address>
         <size>0x2c</size>
         <input_file_ref idref="fl-3"/>
      </object_component>
      <object_component id="oc-222">
         <name>.debug_info</name>
         <load_address>0x1f89</load_address>
         <run_address>0x1f89</run_address>
         <size>0x35</size>
         <input_file_ref idref="fl-3"/>
      </object_component>
      <object_component id="oc-284">
         <name>.debug_info</name>
         <load_address>0x1fbe</load_address>
         <run_address>0x1fbe</run_address>
         <size>0x51</size>
         <input_file_ref idref="fl-3"/>
      </object_component>
      <object_component id="oc-1f2">
         <name>.debug_info</name>
         <load_address>0x200f</load_address>
         <run_address>0x200f</run_address>
         <size>0x341</size>
         <input_file_ref idref="fl-5"/>
      </object_component>
      <object_component id="oc-1ef">
         <name>.debug_info</name>
         <load_address>0x2350</load_address>
         <run_address>0x2350</run_address>
         <size>0xe3</size>
         <input_file_ref idref="fl-5"/>
      </object_component>
      <object_component id="oc-164">
         <name>.debug_info</name>
         <load_address>0x2433</load_address>
         <run_address>0x2433</run_address>
         <size>0x242</size>
         <input_file_ref idref="fl-5"/>
      </object_component>
      <object_component id="oc-18b">
         <name>.debug_info</name>
         <load_address>0x2675</load_address>
         <run_address>0x2675</run_address>
         <size>0x4ba</size>
         <input_file_ref idref="fl-6"/>
      </object_component>
      <object_component id="oc-16a">
         <name>.debug_info</name>
         <load_address>0x2b2f</load_address>
         <run_address>0x2b2f</run_address>
         <size>0xc9</size>
         <input_file_ref idref="fl-6"/>
      </object_component>
      <object_component id="oc-185">
         <name>.debug_info</name>
         <load_address>0x2bf8</load_address>
         <run_address>0x2bf8</run_address>
         <size>0xdf</size>
         <input_file_ref idref="fl-6"/>
      </object_component>
      <object_component id="oc-188">
         <name>.debug_info</name>
         <load_address>0x2cd7</load_address>
         <run_address>0x2cd7</run_address>
         <size>0xe5</size>
         <input_file_ref idref="fl-6"/>
      </object_component>
      <object_component id="oc-17f">
         <name>.debug_info</name>
         <load_address>0x2dbc</load_address>
         <run_address>0x2dbc</run_address>
         <size>0xe5</size>
         <input_file_ref idref="fl-6"/>
      </object_component>
      <object_component id="oc-182">
         <name>.debug_info</name>
         <load_address>0x2ea1</load_address>
         <run_address>0x2ea1</run_address>
         <size>0xe5</size>
         <input_file_ref idref="fl-6"/>
      </object_component>
      <object_component id="oc-e9">
         <name>.debug_info</name>
         <load_address>0x2f86</load_address>
         <run_address>0x2f86</run_address>
         <size>0xdcf</size>
         <input_file_ref idref="fl-6"/>
      </object_component>
      <object_component id="oc-18c">
         <name>.debug_info</name>
         <load_address>0x3d55</load_address>
         <run_address>0x3d55</run_address>
         <size>0x8e</size>
         <input_file_ref idref="fl-6"/>
      </object_component>
      <object_component id="oc-191">
         <name>.debug_info</name>
         <load_address>0x3de3</load_address>
         <run_address>0x3de3</run_address>
         <size>0x8a</size>
         <input_file_ref idref="fl-6"/>
      </object_component>
      <object_component id="oc-32">
         <name>.debug_info</name>
         <load_address>0x3e6d</load_address>
         <run_address>0x3e6d</run_address>
         <size>0x2b2</size>
         <input_file_ref idref="fl-7"/>
      </object_component>
      <object_component id="oc-13">
         <name>.debug_info</name>
         <load_address>0x411f</load_address>
         <run_address>0x411f</run_address>
         <size>0xf1</size>
         <input_file_ref idref="fl-7"/>
      </object_component>
      <object_component id="oc-2b">
         <name>.debug_info</name>
         <load_address>0x4210</load_address>
         <run_address>0x4210</run_address>
         <size>0x26d</size>
         <input_file_ref idref="fl-7"/>
      </object_component>
      <object_component id="oc-152">
         <name>.debug_info</name>
         <load_address>0x447d</load_address>
         <run_address>0x447d</run_address>
         <size>0x2d8</size>
         <input_file_ref idref="fl-8"/>
      </object_component>
      <object_component id="oc-155">
         <name>.debug_info</name>
         <load_address>0x4755</load_address>
         <run_address>0x4755</run_address>
         <size>0x10b</size>
         <input_file_ref idref="fl-8"/>
      </object_component>
      <object_component id="oc-da">
         <name>.debug_info</name>
         <load_address>0x4860</load_address>
         <run_address>0x4860</run_address>
         <size>0x4cf</size>
         <input_file_ref idref="fl-8"/>
      </object_component>
      <object_component id="oc-198">
         <name>.debug_info</name>
         <load_address>0x4d2f</load_address>
         <run_address>0x4d2f</run_address>
         <size>0xd3</size>
         <input_file_ref idref="fl-9"/>
      </object_component>
      <object_component id="oc-ef">
         <name>.debug_info</name>
         <load_address>0x4e02</load_address>
         <run_address>0x4e02</run_address>
         <size>0xec</size>
         <input_file_ref idref="fl-9"/>
      </object_component>
      <object_component id="oc-159">
         <name>.debug_info</name>
         <load_address>0x4eee</load_address>
         <run_address>0x4eee</run_address>
         <size>0x293</size>
         <input_file_ref idref="fl-a"/>
      </object_component>
      <object_component id="oc-df">
         <name>.debug_info</name>
         <load_address>0x5181</load_address>
         <run_address>0x5181</run_address>
         <size>0x59b</size>
         <input_file_ref idref="fl-a"/>
      </object_component>
      <object_component id="oc-1d3">
         <name>.debug_info</name>
         <load_address>0x571c</load_address>
         <run_address>0x571c</run_address>
         <size>0x318</size>
         <input_file_ref idref="fl-c"/>
      </object_component>
      <object_component id="oc-162">
         <name>.debug_info</name>
         <load_address>0x5a34</load_address>
         <run_address>0x5a34</run_address>
         <size>0x2e2</size>
         <input_file_ref idref="fl-d"/>
      </object_component>
      <object_component id="oc-e3">
         <name>.debug_info</name>
         <load_address>0x5d16</load_address>
         <run_address>0x5d16</run_address>
         <size>0x11cf</size>
         <input_file_ref idref="fl-d"/>
      </object_component>
      <object_component id="oc-1e7">
         <name>.debug_info</name>
         <load_address>0x6ee5</load_address>
         <run_address>0x6ee5</run_address>
         <size>0x8b</size>
         <input_file_ref idref="fl-e"/>
      </object_component>
      <object_component id="oc-260">
         <name>.debug_info</name>
         <load_address>0x6f70</load_address>
         <run_address>0x6f70</run_address>
         <size>0x349</size>
         <input_file_ref idref="fl-f"/>
      </object_component>
      <object_component id="oc-251">
         <name>.debug_info</name>
         <load_address>0x72b9</load_address>
         <run_address>0x72b9</run_address>
         <size>0xf1</size>
         <input_file_ref idref="fl-f"/>
      </object_component>
      <object_component id="oc-24e">
         <name>.debug_info</name>
         <load_address>0x73aa</load_address>
         <run_address>0x73aa</run_address>
         <size>0xe9</size>
         <input_file_ref idref="fl-f"/>
      </object_component>
      <object_component id="oc-25a">
         <name>.debug_info</name>
         <load_address>0x7493</load_address>
         <run_address>0x7493</run_address>
         <size>0xed</size>
         <input_file_ref idref="fl-f"/>
      </object_component>
      <object_component id="oc-25d">
         <name>.debug_info</name>
         <load_address>0x7580</load_address>
         <run_address>0x7580</run_address>
         <size>0xf3</size>
         <input_file_ref idref="fl-f"/>
      </object_component>
      <object_component id="oc-254">
         <name>.debug_info</name>
         <load_address>0x7673</load_address>
         <run_address>0x7673</run_address>
         <size>0xf1</size>
         <input_file_ref idref="fl-f"/>
      </object_component>
      <object_component id="oc-257">
         <name>.debug_info</name>
         <load_address>0x7764</load_address>
         <run_address>0x7764</run_address>
         <size>0xf5</size>
         <input_file_ref idref="fl-f"/>
      </object_component>
      <object_component id="oc-24b">
         <name>.debug_info</name>
         <load_address>0x7859</load_address>
         <run_address>0x7859</run_address>
         <size>0xf2</size>
         <input_file_ref idref="fl-f"/>
      </object_component>
      <object_component id="oc-1cb">
         <name>.debug_info</name>
         <load_address>0x794b</load_address>
         <run_address>0x794b</run_address>
         <size>0xb71</size>
         <input_file_ref idref="fl-f"/>
      </object_component>
      <object_component id="oc-1e1">
         <name>.debug_info</name>
         <load_address>0x84bc</load_address>
         <run_address>0x84bc</run_address>
         <size>0x3d3</size>
         <input_file_ref idref="fl-10"/>
      </object_component>
      <object_component id="oc-1cf">
         <name>.debug_info</name>
         <load_address>0x888f</load_address>
         <run_address>0x888f</run_address>
         <size>0xe8</size>
         <input_file_ref idref="fl-10"/>
      </object_component>
      <object_component id="oc-1db">
         <name>.debug_info</name>
         <load_address>0x8977</load_address>
         <run_address>0x8977</run_address>
         <size>0xf4</size>
         <input_file_ref idref="fl-10"/>
      </object_component>
      <object_component id="oc-1d8">
         <name>.debug_info</name>
         <load_address>0x8a6b</load_address>
         <run_address>0x8a6b</run_address>
         <size>0xee</size>
         <input_file_ref idref="fl-10"/>
      </object_component>
      <object_component id="oc-1de">
         <name>.debug_info</name>
         <load_address>0x8b59</load_address>
         <run_address>0x8b59</run_address>
         <size>0xfb</size>
         <input_file_ref idref="fl-10"/>
      </object_component>
      <object_component id="oc-15e">
         <name>.debug_info</name>
         <load_address>0x8c54</load_address>
         <run_address>0x8c54</run_address>
         <size>0x29ee</size>
         <input_file_ref idref="fl-10"/>
      </object_component>
      <object_component id="oc-26c">
         <name>.debug_info</name>
         <load_address>0xb642</load_address>
         <run_address>0xb642</run_address>
         <size>0x51</size>
         <input_file_ref idref="fl-10"/>
      </object_component>
      <object_component id="oc-210">
         <name>.debug_info</name>
         <load_address>0xb693</load_address>
         <run_address>0xb693</run_address>
         <size>0x3e5</size>
         <input_file_ref idref="fl-ce"/>
      </object_component>
      <object_component id="oc-20d">
         <name>.debug_info</name>
         <load_address>0xba78</load_address>
         <run_address>0xba78</run_address>
         <size>0x157</size>
         <input_file_ref idref="fl-ce"/>
      </object_component>
      <object_component id="oc-207">
         <name>.debug_info</name>
         <load_address>0xbbcf</load_address>
         <run_address>0xbbcf</run_address>
         <size>0x166</size>
         <input_file_ref idref="fl-ce"/>
      </object_component>
      <object_component id="oc-176">
         <name>.debug_info</name>
         <load_address>0xbd35</load_address>
         <run_address>0xbd35</run_address>
         <size>0x1ac</size>
         <input_file_ref idref="fl-ce"/>
      </object_component>
      <object_component id="oc-2ea">
         <name>.debug_info</name>
         <load_address>0xbee1</load_address>
         <run_address>0xbee1</run_address>
         <size>0xb2</size>
         <input_file_ref idref="fl-ce"/>
      </object_component>
      <object_component id="oc-2ef">
         <name>.debug_info</name>
         <load_address>0xbf93</load_address>
         <run_address>0xbf93</run_address>
         <size>0x4e</size>
         <input_file_ref idref="fl-ce"/>
      </object_component>
      <object_component id="oc-211">
         <name>.debug_info</name>
         <load_address>0xbfe1</load_address>
         <run_address>0xbfe1</run_address>
         <size>0x2c</size>
         <input_file_ref idref="fl-ce"/>
      </object_component>
      <object_component id="oc-2cb">
         <name>.debug_info</name>
         <load_address>0xc00d</load_address>
         <run_address>0xc00d</run_address>
         <size>0x590</size>
         <input_file_ref idref="fl-cf"/>
      </object_component>
      <object_component id="oc-299">
         <name>.debug_info</name>
         <load_address>0xc59d</load_address>
         <run_address>0xc59d</run_address>
         <size>0x21e</size>
         <input_file_ref idref="fl-cf"/>
      </object_component>
      <object_component id="oc-35f">
         <name>.debug_info</name>
         <load_address>0xc7bb</load_address>
         <run_address>0xc7bb</run_address>
         <size>0x1b3</size>
         <input_file_ref idref="fl-cf"/>
      </object_component>
      <object_component id="oc-365">
         <name>.debug_info</name>
         <load_address>0xc96e</load_address>
         <run_address>0xc96e</run_address>
         <size>0x21b</size>
         <input_file_ref idref="fl-cf"/>
      </object_component>
      <object_component id="oc-2a2">
         <name>.debug_info</name>
         <load_address>0xcb89</load_address>
         <run_address>0xcb89</run_address>
         <size>0x3c0</size>
         <input_file_ref idref="fl-cf"/>
      </object_component>
      <object_component id="oc-36a">
         <name>.debug_info</name>
         <load_address>0xcf49</load_address>
         <run_address>0xcf49</run_address>
         <size>0x30a</size>
         <input_file_ref idref="fl-cf"/>
      </object_component>
      <object_component id="oc-370">
         <name>.debug_info</name>
         <load_address>0xd253</load_address>
         <run_address>0xd253</run_address>
         <size>0x215</size>
         <input_file_ref idref="fl-cf"/>
      </object_component>
      <object_component id="oc-2a8">
         <name>.debug_info</name>
         <load_address>0xd468</load_address>
         <run_address>0xd468</run_address>
         <size>0x215</size>
         <input_file_ref idref="fl-cf"/>
      </object_component>
      <object_component id="oc-2ae">
         <name>.debug_info</name>
         <load_address>0xd67d</load_address>
         <run_address>0xd67d</run_address>
         <size>0x304</size>
         <input_file_ref idref="fl-cf"/>
      </object_component>
      <object_component id="oc-2b4">
         <name>.debug_info</name>
         <load_address>0xd981</load_address>
         <run_address>0xd981</run_address>
         <size>0x4b5</size>
         <input_file_ref idref="fl-cf"/>
      </object_component>
      <object_component id="oc-1fc">
         <name>.debug_info</name>
         <load_address>0xde36</load_address>
         <run_address>0xde36</run_address>
         <size>0x5f4</size>
         <input_file_ref idref="fl-cf"/>
      </object_component>
      <object_component id="oc-2cc">
         <name>.debug_info</name>
         <load_address>0xe42a</load_address>
         <run_address>0xe42a</run_address>
         <size>0x86</size>
         <input_file_ref idref="fl-cf"/>
      </object_component>
      <object_component id="oc-39e">
         <name>.debug_info</name>
         <load_address>0xe4b0</load_address>
         <run_address>0xe4b0</run_address>
         <size>0x39</size>
         <input_file_ref idref="fl-cf"/>
      </object_component>
      <object_component id="oc-409">
         <name>.debug_info</name>
         <load_address>0xe4e9</load_address>
         <run_address>0xe4e9</run_address>
         <size>0xb6</size>
         <input_file_ref idref="fl-cf"/>
      </object_component>
      <object_component id="oc-3a3">
         <name>.debug_info</name>
         <load_address>0xe59f</load_address>
         <run_address>0xe59f</run_address>
         <size>0x46</size>
         <input_file_ref idref="fl-cf"/>
      </object_component>
      <object_component id="oc-2d1">
         <name>.debug_info</name>
         <load_address>0xe5e5</load_address>
         <run_address>0xe5e5</run_address>
         <size>0x46</size>
         <input_file_ref idref="fl-cf"/>
      </object_component>
      <object_component id="oc-399">
         <name>.debug_info</name>
         <load_address>0xe62b</load_address>
         <run_address>0xe62b</run_address>
         <size>0x2c</size>
         <input_file_ref idref="fl-cf"/>
      </object_component>
      <object_component id="oc-3c5">
         <name>.debug_info</name>
         <load_address>0xe657</load_address>
         <run_address>0xe657</run_address>
         <size>0x383</size>
         <input_file_ref idref="fl-d0"/>
      </object_component>
      <object_component id="oc-2e5">
         <name>.debug_info</name>
         <load_address>0xe9da</load_address>
         <run_address>0xe9da</run_address>
         <size>0x1ea</size>
         <input_file_ref idref="fl-d0"/>
      </object_component>
      <object_component id="oc-3c3">
         <name>.debug_info</name>
         <load_address>0xebc4</load_address>
         <run_address>0xebc4</run_address>
         <size>0x3fc</size>
         <input_file_ref idref="fl-d1"/>
      </object_component>
      <object_component id="oc-2db">
         <name>.debug_info</name>
         <load_address>0xefc0</load_address>
         <run_address>0xefc0</run_address>
         <size>0x2e2</size>
         <input_file_ref idref="fl-d1"/>
      </object_component>
      <object_component id="oc-41b">
         <name>.debug_info</name>
         <load_address>0xf2a2</load_address>
         <run_address>0xf2a2</run_address>
         <size>0x300</size>
         <input_file_ref idref="fl-d2"/>
      </object_component>
      <object_component id="oc-3ab">
         <name>.debug_info</name>
         <load_address>0xf5a2</load_address>
         <run_address>0xf5a2</run_address>
         <size>0x19c</size>
         <input_file_ref idref="fl-d2"/>
      </object_component>
      <object_component id="oc-453">
         <name>.debug_info</name>
         <load_address>0xf73e</load_address>
         <run_address>0xf73e</run_address>
         <size>0xbf</size>
         <input_file_ref idref="fl-d2"/>
      </object_component>
      <object_component id="oc-452">
         <name>.debug_info</name>
         <load_address>0xf7fd</load_address>
         <run_address>0xf7fd</run_address>
         <size>0x374</size>
         <input_file_ref idref="fl-d3"/>
      </object_component>
      <object_component id="oc-415">
         <name>.debug_info</name>
         <load_address>0xfb71</load_address>
         <run_address>0xfb71</run_address>
         <size>0x20b</size>
         <input_file_ref idref="fl-d3"/>
      </object_component>
      <object_component id="oc-357">
         <name>.debug_info</name>
         <load_address>0xfd7c</load_address>
         <run_address>0xfd7c</run_address>
         <size>0x14c</size>
         <input_file_ref idref="fl-d4"/>
      </object_component>
      <object_component id="oc-29e">
         <name>.debug_info</name>
         <load_address>0xfec8</load_address>
         <run_address>0xfec8</run_address>
         <size>0x128</size>
         <input_file_ref idref="fl-d5"/>
      </object_component>
      <object_component id="oc-343">
         <name>.debug_info</name>
         <load_address>0xfff0</load_address>
         <run_address>0xfff0</run_address>
         <size>0x12a</size>
         <input_file_ref idref="fl-d5"/>
      </object_component>
      <object_component id="oc-33d">
         <name>.debug_info</name>
         <load_address>0x1011a</load_address>
         <run_address>0x1011a</run_address>
         <size>0x13a</size>
         <input_file_ref idref="fl-d6"/>
      </object_component>
      <object_component id="oc-339">
         <name>.debug_info</name>
         <load_address>0x10254</load_address>
         <run_address>0x10254</run_address>
         <size>0x13a</size>
         <input_file_ref idref="fl-d7"/>
      </object_component>
      <object_component id="oc-349">
         <name>.debug_info</name>
         <load_address>0x1038e</load_address>
         <run_address>0x1038e</run_address>
         <size>0x12e</size>
         <input_file_ref idref="fl-d8"/>
      </object_component>
      <object_component id="oc-352">
         <name>.debug_info</name>
         <load_address>0x104bc</load_address>
         <run_address>0x104bc</run_address>
         <size>0x12c</size>
         <input_file_ref idref="fl-d9"/>
      </object_component>
      <object_component id="oc-3f">
         <name>.debug_info</name>
         <load_address>0x105e8</load_address>
         <run_address>0x105e8</run_address>
         <size>0x119</size>
         <input_file_ref idref="fl-da"/>
      </object_component>
      <object_component id="oc-97">
[...]
         <name>SysCtlPeripheralSleepDisable</name>
         <value>0xdbf</value>
         <object_component_ref idref="oc-15b"/>
      </symbol>
      <symbol id="sm-491">
         <name>SysCtlVCOGet</name>
         <value>0xcd5</value>
         <object_component_ref idref="oc-15b"/>
      </symbol>
      <symbol id="sm-492">
         <name>SysCtlResetBehaviorSet</name>
         <value>0xd79</value>
         <object_component_ref idref="oc-15b"/>
      </symbol>
      <symbol id="sm-493">
         <name>SysCtlReset</name>
         <value>0xd89</value>
         <object_component_ref idref="oc-15b"/>
      </symbol>
      <symbol id="sm-494">
         <name>SysCtlGPIOAHBDisable</name>
         <value>0x1101</value>
         <object_component_ref idref="oc-15b"/>
      </symbol>
      <symbol id="sm-495">
         <name>SysCtlSRAMSizeGet</name>
         <value>0xd55</value>
         <object_component_ref idref="oc-15b"/>
      </symbol>
      <symbol id="sm-496">
         <name>SysCtlClockGet</name>
         <value>0x12fd</value>
         <object_component_ref idref="oc-15b"/>
      </symbol>
      <symbol id="sm-497">
         <name>SysCtlPeripheralDisable</name>
         <value>0xf27</value>
         <object_component_ref idref="oc-15b"/>
      </symbol>
      <symbol id="sm-498">
         <name>SysCtlPWMClockSet</name>
         <value>0xfeb</value>
         <object_component_ref idref="oc-15b"/>
      </symbol>
      <symbol id="sm-499">
         <name>SysCtlUSBPLLEnable</name>
         <value>0xd33</value>
         <object_component_ref idref="oc-15b"/>
      </symbol>
      <symbol id="sm-49a">
         <name>SysCtlPeripheralSleepEnable</name>
         <value>0xd91</value>
         <object_component_ref idref="oc-15b"/>
      </symbol>
      <symbol id="sm-49b">
         <name>SysCtlIntUnregister</name>
         <value>0x108d</value>
         <object_component_ref idref="oc-15b"/>
      </symbol>
      <symbol id="sm-49c">
         <name>SysCtlUSBPLLDisable</name>
         <value>0xd41</value>
         <object_component_ref idref="oc-15b"/>
      </symbol>
      <symbol id="sm-49d">
         <name>SysCtlPeripheralReady</name>
         <value>0xe39</value>
         <object_component_ref idref="oc-15b"/>
      </symbol>
      <symbol id="sm-49e">
         <name>SysCtlPIOSCCalibrate</name>
         <value>0x100b</value>
         <object_component_ref idref="oc-15b"/>
      </symbol>
      <symbol id="sm-49f">
         <name>SysCtlResetCauseClear</name>
         <value>0xd6b</value>
         <object_component_ref idref="oc-15b"/>
      </symbol>
      <symbol id="sm-4a0">
         <name>SysCtlLDOSleepGet</name>
         <value>0x1069</value>
         <object_component_ref idref="oc-15b"/>
      </symbol>
      <symbol id="sm-4a1">
         <name>SysCtlClockFreqSet</name>
         <value>0x1491</value>
         <object_component_ref idref="oc-15b"/>
      </symbol>
      <symbol id="sm-4a2">
         <name>SysCtlPeripheralReset</name>
         <value>0xded</value>
         <object_component_ref idref="oc-15b"/>
      </symbol>
      <symbol id="sm-4d8">
         <name>printf</name>
         <value>0x4379</value>
         <object_component_ref idref="oc-172"/>
      </symbol>
      <symbol id="sm-642">
         <name>__TI_printfi</name>
         <value>0x26d</value>
         <object_component_ref idref="oc-1fa"/>
      </symbol>
      <symbol id="sm-657">
         <name>putc</name>
         <value>0x3ed5</value>
         <object_component_ref idref="oc-2e1"/>
      </symbol>
      <symbol id="sm-658">
         <name>fputc</name>
         <value>0x3ed5</value>
         <object_component_ref idref="oc-2e1"/>
      </symbol>
      <symbol id="sm-676">
         <name>fputs</name>
         <value>0x3711</value>
         <object_component_ref idref="oc-2da"/>
      </symbol>
      <symbol id="sm-68e">
         <name>__TI_wrt_ok</name>
         <value>0x44a9</value>
         <object_component_ref idref="oc-3aa"/>
      </symbol>
      <symbol id="sm-6aa">
         <name>setvbuf</name>
         <value>0x3c15</value>
         <object_component_ref idref="oc-414"/>
      </symbol>
      <symbol id="sm-6c1">
         <name>__aeabi_dsub</name>
         <value>0x2ef1</value>
         <object_component_ref idref="oc-356"/>
      </symbol>
      <symbol id="sm-6c2">
         <name>__aeabi_dadd</name>
         <value>0x2efb</value>
         <object_component_ref idref="oc-356"/>
      </symbol>
      <symbol id="sm-6e4">
         <name>__aeabi_cdcmpeq</name>
         <value>0x3f61</value>
         <object_component_ref idref="oc-29b"/>
      </symbol>
      <symbol id="sm-6e5">
         <name>__aeabi_cdcmple</name>
         <value>0x3f61</value>
         <object_component_ref idref="oc-29b"/>
      </symbol>
      <symbol id="sm-6e6">
         <name>__aeabi_cdrcmple</name>
         <value>0x3fe7</value>
         <object_component_ref idref="oc-341"/>
      </symbol>
      <symbol id="sm-6fa">
         <name>__aeabi_ddiv</name>
         <value>0x34b5</value>
         <object_component_ref idref="oc-33c"/>
      </symbol>
      <symbol id="sm-705">
         <name>__aeabi_dmul</name>
         <value>0x3a35</value>
         <object_component_ref idref="oc-337"/>
      </symbol>
      <symbol id="sm-70f">
         <name>__aeabi_d2iz</name>
         <value>0x4855</value>
         <object_component_ref idref="oc-346"/>
      </symbol>
      <symbol id="sm-719">
         <name>__aeabi_i2d</name>
         <value>0x4bc5</value>
         <object_component_ref idref="oc-351"/>
      </symbol>
      <symbol id="sm-734">
         <name>memcpy</name>
         <value>0x3da3</value>
         <object_component_ref idref="oc-3e"/>
      </symbol>
      <symbol id="sm-735">
         <name>__aeabi_memcpy</name>
         <value>0x3da3</value>
         <object_component_ref idref="oc-3e"/>
      </symbol>
      <symbol id="sm-736">
         <name>__aeabi_memcpy8</name>
         <value>0x3da3</value>
         <object_component_ref idref="oc-3e"/>
      </symbol>
      <symbol id="sm-737">
         <name>__aeabi_memcpy4</name>
         <value>0x3da3</value>
         <object_component_ref idref="oc-3e"/>
      </symbol>
      <symbol id="sm-746">
         <name>__aeabi_memset</name>
         <value>0x406f</value>
         <object_component_ref idref="oc-96"/>
      </symbol>
      <symbol id="sm-747">
         <name>memset</name>
         <value>0x4075</value>
         <object_component_ref idref="oc-96"/>
      </symbol>
      <symbol id="sm-748">
         <name>__aeabi_memset8</name>
         <value>0x406f</value>
         <object_component_ref idref="oc-96"/>
      </symbol>
      <symbol id="sm-749">
         <name>__aeabi_memset4</name>
         <value>0x406f</value>
         <object_component_ref idref="oc-96"/>
      </symbol>
      <symbol id="sm-74a">
         <name>__aeabi_memclr8</name>
         <value>0x406d</value>
         <object_component_ref idref="oc-96"/>
      </symbol>
      <symbol id="sm-74b">
         <name>__aeabi_memclr4</name>
         <value>0x406d</value>
         <object_component_ref idref="oc-96"/>
      </symbol>
      <symbol id="sm-74c">
         <name>__aeabi_memclr</name>
         <value>0x406d</value>
         <object_component_ref idref="oc-96"/>
      </symbol>
      <symbol id="sm-759">
         <name>__aeabi_uldivmod</name>
         <value>0x3e3f</value>
         <object_component_ref idref="oc-330"/>
      </symbol>
      <symbol id="sm-76b">
         <name>__TI_zero_init</name>
         <value>0x4dcd</value>
         <object_component_ref idref="oc-50"/>
      </symbol>
      <symbol id="sm-782">
         <name>__TI_decompress_none</name>
         <value>0x4dbf</value>
         <object_component_ref idref="oc-1b"/>
      </symbol>
      <symbol id="sm-7a5">
         <name>__TI_decompress_lzss</name>
         <value>0x4311</value>
         <object_component_ref idref="oc-15"/>
      </symbol>
      <symbol id="sm-7cb">
         <name>C$$EXIT</name>
         <value>0x4e07</value>
         <object_component_ref idref="oc-fd"/>
      </symbol>
      <symbol id="sm-7cc">
         <name>abort</name>
         <value>0x4e07</value>
         <object_component_ref idref="oc-fd"/>
      </symbol>
      <symbol id="sm-7cd">
         <name>__TI_dtors_ptr</name>
         <value>0x20000438</value>
         <object_component_ref idref="oc-19e"/>
      </symbol>
      <symbol id="sm-7ce">
         <name>__TI_cleanup_ptr</name>
         <value>0x20000434</value>
         <object_component_ref idref="oc-19e"/>
      </symbol>
      <symbol id="sm-7cf">
         <name>__TI_enable_exit_profile_output</name>
         <value>0x2000043c</value>
         <object_component_ref idref="oc-19e"/>
      </symbol>
      <symbol id="sm-7d0">
         <name>exit</name>
         <value>0x480d</value>
         <object_component_ref idref="oc-103"/>
      </symbol>
      <symbol id="sm-7e5">
         <name>_nop</name>
         <value>0xcbb</value>
         <object_component_ref idref="oc-22b"/>
      </symbol>
      <symbol id="sm-7e6">
         <name>_lock</name>
         <value>0x2000044c</value>
         <object_component_ref idref="oc-1a1"/>
      </symbol>
      <symbol id="sm-7e7">
         <name>_unlock</name>
         <value>0x20000450</value>
         <object_component_ref idref="oc-1a1"/>
      </symbol>
      <symbol id="sm-7f6">
         <name>__TI_ltoa</name>
         <value>0x46cf</value>
         <object_component_ref idref="oc-34b"/>
      </symbol>
      <symbol id="sm-80c">
         <name>atoi</name>
         <value>0x47c1</value>
         <object_component_ref idref="oc-28f"/>
      </symbol>
      <symbol id="sm-817">
         <name>_ctypes_</name>
         <value>0x5114</value>
         <object_component_ref idref="oc-32b"/>
      </symbol>
      <symbol id="sm-82c">
         <name>__TI_tmpnams</name>
         <value>0x20000790</value>
      </symbol>
      <symbol id="sm-82d">
         <name>__aeabi_stdout</name>
         <value>0x2000042c</value>
         <object_component_ref idref="oc-47b"/>
      </symbol>
      <symbol id="sm-82e">
         <name>__aeabi_stderr</name>
         <value>0x20000430</value>
         <object_component_ref idref="oc-47b"/>
      </symbol>
      <symbol id="sm-82f">
         <name>__aeabi_stdin</name>
         <value>0x20000428</value>
         <object_component_ref idref="oc-47b"/>
      </symbol>
      <symbol id="sm-830">
         <name>_ftable</name>
         <value>0x2000026c</value>
         <object_component_ref idref="oc-200"/>
      </symbol>
      <symbol id="sm-831">
         <name>__TI_ft_end</name>
         <value>0x20000424</value>
         <object_component_ref idref="oc-47b"/>
      </symbol>
      <symbol id="sm-841">
         <name>memccpy</name>
         <value>0x4d21</value>
         <object_component_ref idref="oc-2b8"/>
      </symbol>
      <symbol id="sm-851">
         <name>memchr</name>
         <value>0x4ce5</value>
         <object_component_ref idref="oc-3b0"/>
      </symbol>
      <symbol id="sm-861">
         <name>memcmp</name>
         <value>0x4cc1</value>
         <object_component_ref idref="oc-178"/>
      </symbol>
      <symbol id="sm-8f6">
         <name>_sys_memory</name>
         <value>0x20000848</value>
         <object_component_ref idref="oc-24"/>
      </symbol>
      <symbol id="sm-8f7">
         <name>free</name>
         <value>0x3b31</value>
         <object_component_ref idref="oc-27a"/>
      </symbol>
      <symbol id="sm-8f8">
         <name>memalign</name>
         <value>0x3935</value>
         <object_component_ref idref="oc-3c6"/>
      </symbol>
      <symbol id="sm-8f9">
         <name>calloc</name>
         <value>0x4a25</value>
         <object_component_ref idref="oc-274"/>
      </symbol>
      <symbol id="sm-8fa">
         <name>malloc</name>
         <value>0x4ded</value>
         <object_component_ref idref="oc-315"/>
      </symbol>
      <symbol id="sm-8fb">
         <name>aligned_alloc</name>
         <value>0x3935</value>
         <object_component_ref idref="oc-3c6"/>
      </symbol>
      <symbol id="sm-90b">
         <name>strchr</name>
         <value>0x4d6f</value>
         <object_component_ref idref="oc-382"/>
      </symbol>
      <symbol id="sm-919">
         <name>strlen</name>
         <value>0x4d99</value>
         <object_component_ref idref="oc-289"/>
      </symbol>
      <symbol id="sm-92c">
         <name>__stack</name>
         <value>0x20000470</value>
         <object_component_ref idref="oc-27"/>
      </symbol>
      <symbol id="sm-92d">
         <name>_c_int00_noargs</name>
         <value>0x4b31</value>
         <object_component_ref idref="oc-5c"/>
      </symbol>
      <symbol id="sm-947">
         <name>write</name>
         <value>0x4c99</value>
         <object_component_ref idref="oc-3bc"/>
      </symbol>
      <symbol id="sm-958">
         <name>_stream</name>
         <value>0x200003d4</value>
         <object_component_ref idref="oc-420"/>
      </symbol>
      <symbol id="sm-959">
         <name>_device</name>
         <value>0x2000035c</value>
         <object_component_ref idref="oc-45e"/>
      </symbol>
      <symbol id="sm-96f">
         <name>__aeabi_errno_addr</name>
         <value>0x4de5</value>
         <object_component_ref idref="oc-2c4"/>
      </symbol>
      <symbol id="sm-970">
         <name>errno</name>
         <value>0x2000046c</value>
         <object_component_ref idref="oc-392"/>
      </symbol>
      <symbol id="sm-989">
         <name>wcslen</name>
         <value>0x4dad</value>
         <object_component_ref idref="oc-2be"/>
      </symbol>
      <symbol id="sm-9a9">
         <name>frexpl</name>
         <value>0x43e1</value>
         <object_component_ref idref="oc-376"/>
      </symbol>
      <symbol id="sm-9aa">
         <name>frexp</name>
         <value>0x43e1</value>
         <object_component_ref idref="oc-376"/>
      </symbol>
      <symbol id="sm-9c7">
         <name>scalbn</name>
         <value>0x3825</value>
         <object_component_ref idref="oc-37c"/>
      </symbol>
      <symbol id="sm-9c8">
         <name>scalbnl</name>
         <value>0x3825</value>
         <object_component_ref idref="oc-37c"/>
      </symbol>
      <symbol id="sm-9c9">
         <name>ldexpl</name>
         <value>0x3825</value>
         <object_component_ref idref="oc-37c"/>
      </symbol>
      <symbol id="sm-9ca">
         <name>ldexp</name>
         <value>0x3825</value>
         <object_component_ref idref="oc-37c"/>
      </symbol>
      <symbol id="sm-9da">
         <name>__TI_doflush</name>
         <value>0x4775</value>
         <object_component_ref idref="oc-3b6"/>
      </symbol>
      <symbol id="sm-9ea">
         <name>__TI_cleanup</name>
         <value>0x4ac9</value>
         <object_component_ref idref="oc-44b"/>
      </symbol>
      <symbol id="sm-9fc">
         <name>fseek</name>
         <value>0x4445</value>
         <object_component_ref idref="oc-40e"/>
      </symbol>
      <symbol id="sm-a06">
         <name>__aeabi_idiv0</name>
         <value>0x30a7</value>
         <object_component_ref idref="oc-3d9"/>
      </symbol>
      <symbol id="sm-a07">
         <name>__aeabi_ldiv0</name>
         <value>0x30a7</value>
         <object_component_ref idref="oc-3d9"/>
      </symbol>
      <symbol id="sm-a2f">
         <name>__TI_auto_init_nobinit_nopinit</name>
         <value>0x4925</value>
         <object_component_ref idref="oc-109"/>
      </symbol>
      <symbol id="sm-a39">
         <name>_system_pre_init</name>
         <value>0x4e03</value>
         <object_component_ref idref="oc-9c"/>
      </symbol>
      <symbol id="sm-a4c">
         <name>HOSTclose</name>
         <value>0x489d</value>
         <object_component_ref idref="oc-487"/>
      </symbol>
      <symbol id="sm-a5d">
         <name>HOSTlseek</name>
         <value>0x42a9</value>
         <object_component_ref idref="oc-499"/>
      </symbol>
      <symbol id="sm-a6f">
         <name>parmbuf</name>
         <value>0x2000083c</value>
      </symbol>
      <symbol id="sm-a70">
         <name>HOSTopen</name>
         <value>0x450d</value>
         <object_component_ref idref="oc-481"/>
      </symbol>
      <symbol id="sm-a81">
         <name>HOSTread</name>
         <value>0x45c9</value>
         <object_component_ref idref="oc-48d"/>
      </symbol>
      <symbol id="sm-a92">
         <name>HOSTrename</name>
         <value>0x423d</value>
         <object_component_ref idref="oc-4a5"/>
      </symbol>
      <symbol id="sm-aa3">
         <name>HOSTunlink</name>
         <value>0x48e1</value>
         <object_component_ref idref="oc-49f"/>
      </symbol>
      <symbol id="sm-ab4">
         <name>HOSTwrite</name>
         <value>0x4621</value>
         <object_component_ref idref="oc-493"/>
      </symbol>
      <symbol id="sm-ad8">
         <name>__TI_readmsg</name>
         <value>0x4afd</value>
         <object_component_ref idref="oc-4c8"/>
      </symbol>
      <symbol id="sm-ad9">
         <name>C$$IO$$</name>
         <value>0x4a1b</value>
         <object_component_ref idref="oc-4c2"/>
      </symbol>
      <symbol id="sm-ada">
         <name>__CIOBUF_</name>
         <value>0x20000670</value>
         <object_component_ref idref="oc-4f0"/>
      </symbol>
      <symbol id="sm-adb">
         <name>__TI_writemsg</name>
         <value>0x49ed</value>
         <object_component_ref idref="oc-4c2"/>
      </symbol>
      <symbol id="sm-aec">
         <name>lseek</name>
         <value>0x4c49</value>
         <object_component_ref idref="oc-443"/>
      </symbol>
      <symbol id="sm-af6">
         <name>copysign</name>
         <value>0x4d3d</value>
         <object_component_ref idref="oc-3f2"/>
      </symbol>
      <symbol id="sm-af7">
         <name>copysignl</name>
         <value>0x4d3d</value>
         <object_component_ref idref="oc-3f2"/>
      </symbol>
      <symbol id="sm-b0c">
         <name>__TI_closefile</name>
         <value>0x40e9</value>
         <object_component_ref idref="oc-475"/>
      </symbol>
      <symbol id="sm-b2f">
         <name>finddevice</name>
         <value>0x4b65</value>
         <object_component_ref idref="oc-50e"/>
      </symbol>
      <symbol id="sm-b30">
         <name>getdevice</name>
         <value>0x4969</value>
         <object_component_ref idref="oc-4e6"/>
      </symbol>
      <symbol id="sm-b3f">
         <name>strcmp</name>
         <value>0x4d57</value>
         <object_component_ref idref="oc-525"/>
      </symbol>
      <symbol id="sm-b4d">
         <name>strcpy</name>
         <value>0x4d85</value>
         <object_component_ref idref="oc-4dc"/>
      </symbol>
      <symbol id="sm-b5d">
         <name>strncpy</name>
         <value>0x4a93</value>
         <object_component_ref idref="oc-508"/>
      </symbol>
      <symbol id="sm-b72">
         <name>close</name>
         <value>0x456d</value>
         <object_component_ref idref="oc-4b1"/>
      </symbol>
      <symbol id="sm-b82">
         <name>unlink</name>
         <value>0x4bf5</value>
         <object_component_ref idref="oc-4b7"/>
      </symbol>
      <symbol id="sm-b83">
         <name>__TI_static_base__</name>
         <value>0x0</value>
      </symbol>
      <symbol id="sm-b86">
         <name>__mpu_init</name>
         <value>0x0</value>
      </symbol>
      <symbol id="sm-b87">
         <name>_system_post_cinit</name>
         <value>0x0</value>
      </symbol>
      <symbol id="sm-b88">
         <name>IntPriorityMaskSet</name>
         <value>0x4a83</value>
      </symbol>
      <symbol id="sm-b89">
         <name>IntPriorityMaskGet</name>
         <value>0x4a89</value>
      </symbol>
      <symbol id="sm-b8a">
         <name>SysCtlSleep</name>
         <value>0x4a5d</value>
      </symbol>
      <symbol id="sm-b8b">
         <name>remove</name>
         <value>0x4bf5</value>
      </symbol>
   </symbol_table>
   <title>Link successful</title>
</link_info>
