******************************************************************************
                  TI ARM Linker PC v20.2.7                     
******************************************************************************
>> Linked Wed Sep  3 19:52:28 2025

OUTPUT FILE NAME:   <Cryptography_Project.out>
ENTRY POINT SYMBOL: "_c_int00_noargs"  address: 00004b31


MEMORY CONFIGURATION

         name            origin    length      used     unused   attr    fill
----------------------  --------  ---------  --------  --------  ----  --------
  FLASH                 00000000   00040000  00005712  0003a8ee  R  X
  SRAM                  20000000   00008000  00000854  000077ac  RW X


SEGMENT ALLOCATION MAP

run origin  load origin   length   init length attrs members
----------  ----------- ---------- ----------- ----- -------
00000000    00000000    00005718   00005718    r-x
  00000000    00000000    0000026c   0000026c    r-- .intvecs
  0000026c    0000026c    00004b9e   00004b9e    r-x .text
  00004e0c    00004e0c    00000850   00000850    r-- .const
  00005660    00005660    000000b8   000000b8    r-- .cinit
20000000    20000000    00000858   00000000    rw-
  20000000    20000000    0000026c   00000000    rw- .vtable
  2000026c    2000026c    00000204   00000000    rw- .data
  20000470    20000470    00000200   00000000    rw- .stack
  20000670    20000670    000001d4   00000000    rw- .bss
  20000848    20000848    00000010   00000000    rw- .sysmem


SECTION ALLOCATION MAP

 output                                  attributes/
section   page    origin      length       input sections
--------  ----  ----------  ----------   ----------------
.intvecs   0    00000000    0000026c     
                  00000000    0000026c     tm4c123gh6pm_startup_ccs.obj (.intvecs)

.text      0    0000026c    00004b9e     
                  0000026c    00000a4e     rtsv7M4_T_le_v4SPD16_eabi.lib : _printfi.c.obj (.text:__TI_printfi)
                  00000cba    00000002                                   : _lock.c.obj (.text:_nop)
                  00000cbc    000009ec     sysctl.obj (.text)
                  000016a8    000007ec     Port.obj (.text)
                  00001e94    00000640     sha256.obj (.text)
                  000024d4    00000338     eeprom.obj (.text)
                  0000280c    000002a4     interrupt.obj (.text)
                  00002ab0    00000270     rtsv7M4_T_le_v4SPD16_eabi.lib : _printfi.c.obj (.text:_pconv_a)
                  00002d20    000001d0                                   : _printfi.c.obj (.text:_pconv_g)
                  00002ef0    000001b6                                   : fd_add_t2.asm.obj (.text)
                  000030a6    00000002                                   : div0.asm.obj (.text)
                  000030a8    00000198     uart0.obj (.text)
                  00003240    0000013c     rtsv7M4_T_le_v4SPD16_eabi.lib : _printfi.c.obj (.text:_pconv_e)
                  0000337c    00000138     main.obj (.text)
                  000034b4    00000136     rtsv7M4_T_le_v4SPD16_eabi.lib : fd_div_t2.asm.obj (.text)
                  000035ea    00000002     --HOLE-- [fill = 0]
                  000035ec    00000124                                   : _printfi.c.obj (.text:fcvt)
                  00003710    00000114                                   : fputs.c.obj (.text:fputs)
                  00003824    00000110                                   : s_scalbn.c.obj (.text:scalbn)
                  00003934    00000100                                   : memory.c.obj (.text:aligned_alloc)
                  00003a34    000000fc                                   : fd_mul_t2.asm.obj (.text)
                  00003b30    000000e4                                   : memory.c.obj (.text:free)
                  00003c14    000000dc                                   : setvbuf.c.obj (.text:setvbuf)
                  00003cf0    000000b1                                   : _printfi.c.obj (.text:_ltostr)
                  00003da1    00000001     --HOLE-- [fill = 0]
                  00003da2    0000009c                                   : memcpy_t2.asm.obj (.text)
                  00003e3e    00000096                                   : ull_div_t2.asm.obj (.text)
                  00003ed4    0000008c                                   : fputc.c.obj (.text:fputc)
                  00003f60    00000086                                   : fd_cmp_t2.asm.obj (.text:__aeabi_cdcmple)
                  00003fe6    00000086                                   : fd_cmp_t2.asm.obj (.text:__aeabi_cdrcmple)
                  0000406c    0000007a                                   : memset_t2.asm.obj (.text)
                  000040e6    00000002     --HOLE-- [fill = 0]
                  000040e8    00000074                                   : fclose.c.obj (.text:__TI_closefile)
                  0000415c    00000070                                   : memory.c.obj (.text:split)
                  000041cc    0000006e                                   : _printfi.c.obj (.text:_mcpy)
                  0000423a    00000002     --HOLE-- [fill = 0]
                  0000423c    0000006c                                   : hostrename.c.obj (.text:HOSTrename)
                  000042a8    00000068                                   : hostlseek.c.obj (.text:HOSTlseek)
                  00004310    00000068                                   : copy_decompress_lzss.c.obj (.text:decompress:lzss:__TI_decompress_lzss)
                  00004378    00000068                                   : printf.c.obj (.text:printf)
                  000043e0    00000064                                   : s_frexp.c.obj (.text:frexp)
                  00004444    00000064                                   : fseek.c.obj (.text:fseek)
                  000044a8    00000062                                   : _io_perm.c.obj (.text:__TI_wrt_ok)
                  0000450a    00000002     --HOLE-- [fill = 0]
                  0000450c    00000060                                   : hostopen.c.obj (.text:HOSTopen)
                  0000456c    0000005c                                   : close.c.obj (.text:close)
                  000045c8    00000058                                   : hostread.c.obj (.text:HOSTread)
                  00004620    00000058                                   : hostwrite.c.obj (.text:HOSTwrite)
                  00004678    00000056                                   : _printfi.c.obj (.text:_pconv_f)
                  000046ce    00000054                                   : _ltoa.c.obj (.text:__TI_ltoa)
                  00004722    00000052                                   : _printfi.c.obj (.text:_ecpy)
                  00004774    0000004c                                   : fflush.c.obj (.text:__TI_doflush)
                  000047c0    0000004c                                   : atoi.c.obj (.text:atoi)
                  0000480c    00000048                                   : exit.c.obj (.text:exit)
                  00004854    00000048                                   : fd_toi_t2.asm.obj (.text)
                  0000489c    00000044                                   : hostclose.c.obj (.text:HOSTclose)
                  000048e0    00000044                                   : hostunlink.c.obj (.text:HOSTunlink)
                  00004924    00000044                                   : autoinit.c.obj (.text:__TI_auto_init_nobinit_nopinit:__TI_auto_init_nobinit_nopinit)
                  00004968    00000044                                   : getdevice.c.obj (.text:getdevice)
                  000049ac    0000003e                                   : _printfi.c.obj (.text:_fcpy)
                  000049ea    00000002     --HOLE-- [fill = 0]
                  000049ec    00000038                                   : trgmsg.c.obj (.text:__TI_writemsg)
                  00004a24    00000038                                   : memory.c.obj (.text:calloc)
                  00004a5c    00000036     cpu.obj (.text)
                  00004a92    00000036     rtsv7M4_T_le_v4SPD16_eabi.lib : strncpy.c.obj (.text:strncpy)
                  00004ac8    00000034                                   : fopen.c.obj (.text:__TI_cleanup)
                  00004afc    00000034                                   : trgmsg.c.obj (.text:__TI_readmsg)
                  00004b30    00000034                                   : boot_cortex_m.c.obj (.text:_c_int00_noargs:_c_int00_noargs)
                  00004b64    00000030                                   : getdevice.c.obj (.text:finddevice)
                  00004b94    00000030     platform.obj (.text)
                  00004bc4    0000002e     rtsv7M4_T_le_v4SPD16_eabi.lib : i_tofd_t2.asm.obj (.text)
                  00004bf2    00000002     --HOLE-- [fill = 0]
                  00004bf4    0000002c                                   : unlink.c.obj (.text:unlink)
                  00004c20    00000028                                   : memory.c.obj (.text:free_list_insert)
                  00004c48    00000028                                   : lseek.c.obj (.text:lseek)
                  00004c70    00000028     platform_util.obj (.text)
                  00004c98    00000028     rtsv7M4_T_le_v4SPD16_eabi.lib : write.c.obj (.text:write)
                  00004cc0    00000024                                   : memcmp.c.obj (.text:memcmp)
                  00004ce4    00000020                                   : memchr.c.obj (.text:memchr)
                  00004d04    0000001c                                   : memory.c.obj (.text:free_list_remove)
                  00004d20    0000001c                                   : memccpy.c.obj (.text:memccpy)
                  00004d3c    0000001a                                   : s_copysign.c.obj (.text:copysign)
                  00004d56    00000018                                   : strcmp.c.obj (.text:strcmp)
                  00004d6e    00000016                                   : strchr.c.obj (.text:strchr)
                  00004d84    00000014                                   : strcpy.c.obj (.text:strcpy)
                  00004d98    00000014                                   : strlen.c.obj (.text:strlen)
                  00004dac    00000012                                   : wcslen.c.obj (.text:wcslen)
                  00004dbe    0000000e                                   : copy_decompress_none.c.obj (.text:decompress:none:__TI_decompress_none)
                  00004dcc    0000000c                                   : copy_zero_init.c.obj (.text:decompress:ZI:__TI_zero_init)
                  00004dd8    0000000c     tm4c123gh6pm_startup_ccs.obj (.text)
                  00004de4    00000008     rtsv7M4_T_le_v4SPD16_eabi.lib : errno.c.obj (.text:__aeabi_errno_addr)
                  00004dec    00000008                                   : memory.c.obj (.text:malloc)
                  00004df4    00000006     sysctl.obj (.text:SysCtlDelay)
                  00004dfa    00000004     rtsv7M4_T_le_v4SPD16_eabi.lib : printf.c.obj (.text:_outc)
                  00004dfe    00000004                                   : printf.c.obj (.text:_outs)
                  00004e02    00000004                                   : pre_init.c.obj (.text:_system_pre_init)
                  00004e06    00000004                                   : exit.c.obj (.text:abort:abort)

.const     0    00004e0c    00000850     
                  00004e0c    000001b0     sysctl.obj (.const:g_pppui32XTALtoVCO)
                  00004fbc    00000158     Port_PBcfg.obj (.const:Port_PinConfig)
                  00005114    00000101     rtsv7M4_T_le_v4SPD16_eabi.lib : ctype.c.obj (.const:.string:_ctypes_)
                  00005215    00000003     --HOLE-- [fill = 0]
                  00005218    00000100     sha256.obj (.const:K)
                  00005318    000000ab     sha256.obj (.const:sha_test_buf)
                  000053c3    00000001     --HOLE-- [fill = 0]
                  000053c4    0000009c     interrupt.obj (.const:g_pui32Regs)
                  00005460    0000006c     sysctl.obj (.const:g_pui32Xtals)
                  000054cc    00000060     sha256.obj (.const:sha224_test_sum)
                  0000552c    00000060     sha256.obj (.const:sha256_test_sum)
                  0000558c    00000030     sysctl.obj (.const:g_sXTALtoMEMTIM)
                  000055bc    00000020     interrupt.obj (.const:g_pui32Priority)
                  000055dc    00000018     main.obj (.const:.string:$P$T0$1)
                  000055f4    00000014     interrupt.obj (.const:g_pui32Dii16Regs)
                  00005608    00000014     interrupt.obj (.const:g_pui32EnRegs)
                  0000561c    00000014     interrupt.obj (.const:g_pui32PendRegs)
                  00005630    00000014     interrupt.obj (.const:g_pui32UnpendRegs)
                  00005644    0000000c     sha256.obj (.const:sha_test_buflen)
                  00005650    00000008     sysctl.obj (.const:g_pui32VCOFrequencies)
                  00005658    00000004     platform_util.obj (.const)

.cinit     0    00005660    000000b8     
                  00005660    0000007f     (.cinit..data.load) [load image, compression = lzss]
                  000056df    00000001     --HOLE-- [fill = 0]
                  000056e0    0000000c     (__TI_handler_table)
                  000056ec    00000004     --HOLE-- [fill = 0]
                  000056f0    00000008     (.cinit..bss.load) [load image, compression = zero_init]
                  000056f8    00000008     (.cinit..vtable.load) [load image, compression = zero_init]
                  00005700    00000018     (__TI_cinit_table)

.init_array 
*          0    00000000    00000000     UNINITIALIZED

.vtable    0    20000000    0000026c     UNINITIALIZED
                  20000000    0000026c     interrupt.obj (.vtable)

.data      0    2000026c    00000204     UNINITIALIZED
                  2000026c    000000f0     rtsv7M4_T_le_v4SPD16_eabi.lib : defs.c.obj (.data:_ftable)
                  2000035c    00000078                                   : host_device.c.obj (.data:_device)
                  200003d4    00000050                                   : host_device.c.obj (.data:_stream)
                  20000424    00000010                                   : defs.c.obj (.data)
                  20000434    0000000c                                   : exit.c.obj (.data:$O1$$)
                  20000440    0000000c     main.obj (.data:UART_Config)
                  2000044c    00000008     rtsv7M4_T_le_v4SPD16_eabi.lib : _lock.c.obj (.data:$O1$$)
                  20000454    00000008                                   : memory.c.obj (.data:$O1$$)
                  2000045c    00000008     Port.obj (.data)
                  20000464    00000008     platform.obj (.data)
                  2000046c    00000004     rtsv7M4_T_le_v4SPD16_eabi.lib : errno.c.obj (.data)

.stack     0    20000470    00000200     UNINITIALIZED
                  20000470    00000004     rtsv7M4_T_le_v4SPD16_eabi.lib : boot_cortex_m.c.obj (.stack)
                  20000474    000001fc     --HOLE--

.bss       0    20000670    000001d4     UNINITIALIZED
                  20000670    00000120     rtsv7M4_T_le_v4SPD16_eabi.lib : trgmsg.c.obj (.bss:_CIOBUF_)
                  20000790    000000a0     (.common:__TI_tmpnams)
                  20000830    0000000c     (.common:Port_AllowedModes)
                  2000083c    00000008     (.common:parmbuf)

.sysmem    0    20000848    00000010     UNINITIALIZED
                  20000848    00000010     rtsv7M4_T_le_v4SPD16_eabi.lib : memory.c.obj (.sysmem)

__llvm_prf_cnts 
*          0    20000000    00000000     UNINITIALIZED

MODULE SUMMARY

       Module                         code    ro data   rw data
       ------                         ----    -------   -------
    .\
       sha256.obj                     1600    631       0      
       tm4c123gh6pm_startup_ccs.obj   12      620       0      
       main.obj                       312     24        12     
       platform.obj                   48      0         8      
       platform_util.obj              40      4         0      
    +--+------------------------------+-------+---------+---------+
       Total:                         2012    1279      20     
                                                               
    .\PORT\
       Port.obj                       2028    0         20     
       Port_PBcfg.obj                 0       344       0      
    +--+------------------------------+-------+---------+---------+
       Total:                         2028    344       20     
                                                               
    .\UART\
       uart0.obj                      408     0         0      
    +--+------------------------------+-------+---------+---------+
       Total:                         408     0         0      
                                                               
    .\driverlib\
       sysctl.obj                     2546    596       0      
       interrupt.obj                  676     268       620    
       eeprom.obj                     824     0         0      
       cpu.obj                        54      0         0      
    +--+------------------------------+-------+---------+---------+
       Total:                         4100    864       620    
                                                               
    C:\ti\ccs1271\ccs\tools\compiler\ti-cgt-arm_20.2.7.LTS\lib\rtsv7M4_T_le_v4SPD16_eabi.lib
       _printfi.c.obj                 4851    0         0      
       memory.c.obj                   728     0         8      
       fd_add_t2.asm.obj              438     0         0      
       defs.c.obj                     0       0         416    
       trgmsg.c.obj                   108     0         288    
       fd_div_t2.asm.obj              310     0         0      
       fputs.c.obj                    276     0         0      
       s_scalbn.c.obj                 272     0         0      
       fd_cmp_t2.asm.obj              268     0         0      
       ctype.c.obj                    0       257       0      
       fd_mul_t2.asm.obj              252     0         0      
       setvbuf.c.obj                  220     0         0      
       host_device.c.obj              0       0         200    
       memcpy_t2.asm.obj              156     0         0      
       ull_div_t2.asm.obj             150     0         0      
       fputc.c.obj                    140     0         0      
       memset_t2.asm.obj              122     0         0      
       fclose.c.obj                   116     0         0      
       getdevice.c.obj                116     0         0      
       printf.c.obj                   112     0         0      
       hostrename.c.obj               108     0         0      
       copy_decompress_lzss.c.obj     104     0         0      
       hostlseek.c.obj                104     0         0      
       hostopen.c.obj                 96      0         8      
       fseek.c.obj                    100     0         0      
       s_frexp.c.obj                  100     0         0      
       _io_perm.c.obj                 98      0         0      
       close.c.obj                    92      0         0      
       exit.c.obj                     76      0         12     
       hostread.c.obj                 88      0         0      
       hostwrite.c.obj                88      0         0      
       _ltoa.c.obj                    84      0         0      
       atoi.c.obj                     76      0         0      
       fflush.c.obj                   76      0         0      
       fd_toi_t2.asm.obj              72      0         0      
       autoinit.c.obj                 68      0         0      
       hostclose.c.obj                68      0         0      
       hostunlink.c.obj               68      0         0      
       strncpy.c.obj                  54      0         0      
       boot_cortex_m.c.obj            52      0         0      
       fopen.c.obj                    52      0         0      
       i_tofd_t2.asm.obj              46      0         0      
       unlink.c.obj                   44      0         0      
       lseek.c.obj                    40      0         0      
       write.c.obj                    40      0         0      
       memcmp.c.obj                   36      0         0      
       memchr.c.obj                   32      0         0      
       memccpy.c.obj                  28      0         0      
       s_copysign.c.obj               26      0         0      
       strcmp.c.obj                   24      0         0      
       strchr.c.obj                   22      0         0      
       strcpy.c.obj                   20      0         0      
       strlen.c.obj                   20      0         0      
       wcslen.c.obj                   18      0         0      
       copy_decompress_none.c.obj     14      0         0      
       copy_zero_init.c.obj           12      0         0      
       errno.c.obj                    8       0         4      
       _lock.c.obj                    2       0         8      
       pre_init.c.obj                 4       0         0      
       div0.asm.obj                   2       0         0      
    +--+------------------------------+-------+---------+---------+
       Total:                         10797   257       944    
                                                               
       Heap:                          0       0         16     
       Stack:                         0       0         512    
       Linker Generated:              0       179       0      
    +--+------------------------------+-------+---------+---------+
       Grand Total:                   19345   2923      2132   


LINKER GENERATED COPY TABLES

__TI_cinit_table @ 00005700 records: 3, size/record: 8, table size: 24
	.data: load addr=00005660, load size=0000007f bytes, run addr=2000026c, run size=00000204 bytes, compression=lzss
	.bss: load addr=000056f0, load size=00000008 bytes, run addr=20000670, run size=000001d4 bytes, compression=zero_init
	.vtable: load addr=000056f8, load size=00000008 bytes, run addr=20000000, run size=0000026c bytes, compression=zero_init


LINKER GENERATED HANDLER TABLE

__TI_handler_table @ 000056e0 records: 3, size/record: 4, table size: 12
	index: 0, handler: __TI_zero_init
	index: 1, handler: __TI_decompress_lzss
	index: 2, handler: __TI_decompress_none


GLOBAL SYMBOLS: SORTED ALPHABETICALLY BY Name 

address   name                            
-------   ----                            
00004e07  C$$EXIT                         
00004a1b  C$$IO$$                         
00004a89  CPUbasepriGet                   
00004a83  CPUbasepriSet                   
00004a77  CPUcpsid                        
00004a6b  CPUcpsie                        
00004a61  CPUprimask                      
00004a5d  CPUwfi                          
000027d9  EEPROMBlockCountGet             
000027cb  EEPROMBlockHide                 
000027b9  EEPROMBlockLock                 
0000278f  EEPROMBlockPasswordSet          
00002785  EEPROMBlockProtectGet           
00002773  EEPROMBlockProtectSet           
0000274d  EEPROMBlockUnlock               
00002715  EEPROMInit                      
000026f3  EEPROMIntClear                  
000026db  EEPROMIntDisable                
000026c3  EEPROMIntEnable                 
000026a7  EEPROMIntStatus                 
0000266d  EEPROMMassErase                 
000025af  EEPROMProgram                   
0000254f  EEPROMProgramNonBlocking        
000024e9  EEPROMRead                      
000024db  EEPROMSizeGet                   
000024d5  EEPROMStatusGet                 
0000489d  HOSTclose                       
000042a9  HOSTlseek                       
0000450d  HOSTopen                        
000045c9  HOSTread                        
0000423d  HOSTrename                      
000048e1  HOSTunlink                      
00004621  HOSTwrite                       
00002a1b  IntDisable                      
000029bf  IntEnable                       
00002967  IntIsEnabled                    
00002957  IntMasterDisable                
00002947  IntMasterEnable                 
00002909  IntPendClear                    
000028bd  IntPendSet                      
000028a3  IntPriorityGet                  
0000287d  IntPriorityGroupingGet          
0000286b  IntPriorityGroupingSet          
00004a89  IntPriorityMaskGet              
00004a83  IntPriorityMaskSet              
0000284b  IntPrioritySet                  
00002821  IntRegister                     
00002819  IntTrigger                      
0000280f  IntUnregister                   
20000830  Port_AllowedModes               
00001e63  Port_GetVersionInfo             
00001ab1  Port_Init                       
00004fbc  Port_PinConfig                  
00001a0d  Port_RefreshPortDirection       
00001999  Port_SetPinDirection            
000016a9  Port_SetPinMode                 
00004dd9  ResetISR                        
00001669  SysCtlAltClkConfig              
00001491  SysCtlClockFreqSet              
000012fd  SysCtlClockGet                  
000012e1  SysCtlClockOutConfig            
00001205  SysCtlClockSet                  
000011dd  SysCtlDeepSleep                 
00001181  SysCtlDeepSleepClockConfigSet   
00001173  SysCtlDeepSleepClockSet         
0000116d  SysCtlDeepSleepPowerSet         
00004df5  SysCtlDelay                     
00001145  SysCtlFlashSectorSizeGet        
00001117  SysCtlFlashSizeGet              
00001101  SysCtlGPIOAHBDisable            
000010e5  SysCtlGPIOAHBEnable             
000010dd  SysCtlIntClear                  
000010cf  SysCtlIntDisable                
000010c3  SysCtlIntEnable                 
000010b1  SysCtlIntRegister               
0000109d  SysCtlIntStatus                 
0000108d  SysCtlIntUnregister             
0000107d  SysCtlLDODeepSleepGet           
00001075  SysCtlLDODeepSleepSet           
00001069  SysCtlLDOSleepGet               
00001061  SysCtlLDOSleepSet               
00001059  SysCtlMOSCConfigSet             
0000104b  SysCtlNMIClear                  
00001043  SysCtlNMIStatus                 
0000100b  SysCtlPIOSCCalibrate            
00000ff9  SysCtlPWMClockGet               
00000feb  SysCtlPWMClockSet               
00000fb1  SysCtlPeripheralClockGating     
00000f83  SysCtlPeripheralDeepSleepDisable
00000f55  SysCtlPeripheralDeepSleepEnable 
00000f27  SysCtlPeripheralDisable         
00000ef9  SysCtlPeripheralEnable          
00000ecb  SysCtlPeripheralPowerOff        
00000e9d  SysCtlPeripheralPowerOn         
00000e6b  SysCtlPeripheralPresent         
00000e39  SysCtlPeripheralReady           
00000ded  SysCtlPeripheralReset           
00000dbf  SysCtlPeripheralSleepDisable    
00000d91  SysCtlPeripheralSleepEnable     
00000d89  SysCtlReset                     
00000d81  SysCtlResetBehaviorGet          
00000d79  SysCtlResetBehaviorSet          
00000d6b  SysCtlResetCauseClear           
00000d63  SysCtlResetCauseGet             
00000d55  SysCtlSRAMSizeGet               
00004a5d  SysCtlSleep                     
00000d4f  SysCtlSleepPowerSet             
00000d41  SysCtlUSBPLLDisable             
00000d33  SysCtlUSBPLLEnable              
00000cd5  SysCtlVCOGet                    
00000ccb  SysCtlVoltageEventClear         
00000cc3  SysCtlVoltageEventConfig        
00000cbd  SysCtlVoltageEventStatus        
00003141  UART0_Init                      
000030e7  UART0_ReceiveByte               
0000311f  UART0_ReceiveData               
000030f9  UART0_ReceiveString             
000030a9  UART0_SendByte                  
000030cd  UART0_SendData                  
000030b5  UART0_SendString                
20000670  __CIOBUF_                       
20000670  __STACK_END                     
00000200  __STACK_SIZE                    
20000670  __STACK_TOP                     
00000010  __SYSMEM_SIZE                   
00005700  __TI_CINIT_Base                 
00005718  __TI_CINIT_Limit                
000056e0  __TI_Handler_Table_Base         
000056ec  __TI_Handler_Table_Limit        
00004925  __TI_auto_init_nobinit_nopinit  
00004ac9  __TI_cleanup                    
20000434  __TI_cleanup_ptr                
000040e9  __TI_closefile                  
00004311  __TI_decompress_lzss            
00004dbf  __TI_decompress_none            
00004775  __TI_doflush                    
20000438  __TI_dtors_ptr                  
2000043c  __TI_enable_exit_profile_output 
20000424  __TI_ft_end                     
000046cf  __TI_ltoa                       
ffffffff  __TI_pprof_out_hndl             
0000026d  __TI_printfi                    
ffffffff  __TI_prof_data_size             
ffffffff  __TI_prof_data_start            
00004afd  __TI_readmsg                    
00000000  __TI_static_base__              
20000790  __TI_tmpnams                    
000049ed  __TI_writemsg                   
000044a9  __TI_wrt_ok                     
00004dcd  __TI_zero_init                  
00003f61  __aeabi_cdcmpeq                 
00003f61  __aeabi_cdcmple                 
00003fe7  __aeabi_cdrcmple                
00004855  __aeabi_d2iz                    
00002efb  __aeabi_dadd                    
000034b5  __aeabi_ddiv                    
00003a35  __aeabi_dmul                    
00002ef1  __aeabi_dsub                    
00004de5  __aeabi_errno_addr              
00004bc5  __aeabi_i2d                     
000030a7  __aeabi_idiv0                   
000030a7  __aeabi_ldiv0                   
0000406d  __aeabi_memclr                  
0000406d  __aeabi_memclr4                 
0000406d  __aeabi_memclr8                 
00003da3  __aeabi_memcpy                  
00003da3  __aeabi_memcpy4                 
00003da3  __aeabi_memcpy8                 
0000406f  __aeabi_memset                  
0000406f  __aeabi_memset4                 
0000406f  __aeabi_memset8                 
20000430  __aeabi_stderr                  
20000428  __aeabi_stdin                   
2000042c  __aeabi_stdout                  
00003e3f  __aeabi_uldivmod                
ffffffff  __binit__                       
ffffffff  __c_args__                      
UNDEFED   __mpu_init                      
20000470  __stack                         
20000000  __start___llvm_prf_cnts         
20000000  __stop___llvm_prf_cnts          
00004b31  _c_int00_noargs                 
00005114  _ctypes_                        
2000035c  _device                         
2000026c  _ftable                         
2000044c  _lock                           
00000cbb  _nop                            
200003d4  _stream                         
20000848  _sys_memory                     
UNDEFED   _system_post_cinit              
00004e03  _system_pre_init                
20000450  _unlock                         
00004e07  abort                           
00003935  aligned_alloc                   
000047c1  atoi                            
ffffffff  binit                           
00004a25  calloc                          
0000456d  close                           
00004d3d  copysign                        
00004d3d  copysignl                       
2000046c  errno                           
0000480d  exit                            
00004b65  finddevice                      
00003ed5  fputc                           
00003711  fputs                           
00003b31  free                            
000043e1  frexp                           
000043e1  frexpl                          
00004445  fseek                           
20000000  g_pfnRAMVectors                 
00000000  g_pfnVectors                    
00004969  getdevice                       
00003825  ldexp                           
00003825  ldexpl                          
00004c49  lseek                           
000033c3  main                            
00004ded  malloc                          
00004bb1  mbedtls_calloc                  
00004ba7  mbedtls_free                    
00001e95  mbedtls_internal_sha256_process 
00004b9b  mbedtls_platform_set_calloc_free
00004b97  mbedtls_platform_setup          
00004b95  mbedtls_platform_teardown       
00004c71  mbedtls_platform_zeroize        
00002479  mbedtls_sha224_self_test        
00002429  mbedtls_sha256                  
00002423  mbedtls_sha256_clone            
0000210d  mbedtls_sha256_finish           
000020fd  mbedtls_sha256_free             
000020f5  mbedtls_sha256_init             
0000241d  mbedtls_sha256_self_test        
00002089  mbedtls_sha256_starts           
00002013  mbedtls_sha256_update           
00004c83  mbedtls_zeroize_and_free        
00003935  memalign                        
00004d21  memccpy                         
00004ce5  memchr                          
00004cc1  memcmp                          
00003da3  memcpy                          
00004075  memset                          
2000083c  parmbuf                         
00004379  printf                          
00003ed5  putc                            
00004bf5  remove                          
00003825  scalbn                          
00003825  scalbnl                         
00003c15  setvbuf                         
00004d6f  strchr                          
00004d57  strcmp                          
00004d85  strcpy                          
00004d99  strlen                          
00004a93  strncpy                         
00004bf5  unlink                          
00004dad  wcslen                          
00004c99  write                           


GLOBAL SYMBOLS: SORTED BY Symbol Address 

address   name                            
-------   ----                            
00000000  __TI_static_base__              
00000000  g_pfnVectors                    
00000010  __SYSMEM_SIZE                   
00000200  __STACK_SIZE                    
0000026d  __TI_printfi                    
00000cbb  _nop                            
00000cbd  SysCtlVoltageEventStatus        
00000cc3  SysCtlVoltageEventConfig        
00000ccb  SysCtlVoltageEventClear         
00000cd5  SysCtlVCOGet                    
00000d33  SysCtlUSBPLLEnable              
00000d41  SysCtlUSBPLLDisable             
00000d4f  SysCtlSleepPowerSet             
00000d55  SysCtlSRAMSizeGet               
00000d63  SysCtlResetCauseGet             
00000d6b  SysCtlResetCauseClear           
00000d79  SysCtlResetBehaviorSet          
00000d81  SysCtlResetBehaviorGet          
00000d89  SysCtlReset                     
00000d91  SysCtlPeripheralSleepEnable     
00000dbf  SysCtlPeripheralSleepDisable    
00000ded  SysCtlPeripheralReset           
00000e39  SysCtlPeripheralReady           
00000e6b  SysCtlPeripheralPresent         
00000e9d  SysCtlPeripheralPowerOn         
00000ecb  SysCtlPeripheralPowerOff        
00000ef9  SysCtlPeripheralEnable          
00000f27  SysCtlPeripheralDisable         
00000f55  SysCtlPeripheralDeepSleepEnable 
00000f83  SysCtlPeripheralDeepSleepDisable
00000fb1  SysCtlPeripheralClockGating     
00000feb  SysCtlPWMClockSet               
00000ff9  SysCtlPWMClockGet               
0000100b  SysCtlPIOSCCalibrate            
00001043  SysCtlNMIStatus                 
0000104b  SysCtlNMIClear                  
00001059  SysCtlMOSCConfigSet             
00001061  SysCtlLDOSleepSet               
00001069  SysCtlLDOSleepGet               
00001075  SysCtlLDODeepSleepSet           
0000107d  SysCtlLDODeepSleepGet           
0000108d  SysCtlIntUnregister             
0000109d  SysCtlIntStatus                 
000010b1  SysCtlIntRegister               
000010c3  SysCtlIntEnable                 
000010cf  SysCtlIntDisable                
000010dd  SysCtlIntClear                  
000010e5  SysCtlGPIOAHBEnable             
00001101  SysCtlGPIOAHBDisable            
00001117  SysCtlFlashSizeGet              
00001145  SysCtlFlashSectorSizeGet        
0000116d  SysCtlDeepSleepPowerSet         
00001173  SysCtlDeepSleepClockSet         
00001181  SysCtlDeepSleepClockConfigSet   
000011dd  SysCtlDeepSleep                 
00001205  SysCtlClockSet                  
000012e1  SysCtlClockOutConfig            
000012fd  SysCtlClockGet                  
00001491  SysCtlClockFreqSet              
00001669  SysCtlAltClkConfig              
000016a9  Port_SetPinMode                 
00001999  Port_SetPinDirection            
00001a0d  Port_RefreshPortDirection       
00001ab1  Port_Init                       
00001e63  Port_GetVersionInfo             
00001e95  mbedtls_internal_sha256_process 
00002013  mbedtls_sha256_update           
00002089  mbedtls_sha256_starts           
000020f5  mbedtls_sha256_init             
000020fd  mbedtls_sha256_free             
0000210d  mbedtls_sha256_finish           
0000241d  mbedtls_sha256_self_test        
00002423  mbedtls_sha256_clone            
00002429  mbedtls_sha256                  
00002479  mbedtls_sha224_self_test        
000024d5  EEPROMStatusGet                 
000024db  EEPROMSizeGet                   
000024e9  EEPROMRead                      
0000254f  EEPROMProgramNonBlocking        
000025af  EEPROMProgram                   
0000266d  EEPROMMassErase                 
000026a7  EEPROMIntStatus                 
000026c3  EEPROMIntEnable                 
000026db  EEPROMIntDisable                
000026f3  EEPROMIntClear                  
00002715  EEPROMInit                      
0000274d  EEPROMBlockUnlock               
00002773  EEPROMBlockProtectSet           
00002785  EEPROMBlockProtectGet           
0000278f  EEPROMBlockPasswordSet          
000027b9  EEPROMBlockLock                 
000027cb  EEPROMBlockHide                 
000027d9  EEPROMBlockCountGet             
0000280f  IntUnregister                   
00002819  IntTrigger                      
00002821  IntRegister                     
0000284b  IntPrioritySet                  
0000286b  IntPriorityGroupingSet          
0000287d  IntPriorityGroupingGet          
000028a3  IntPriorityGet                  
000028bd  IntPendSet                      
00002909  IntPendClear                    
00002947  IntMasterEnable                 
00002957  IntMasterDisable                
00002967  IntIsEnabled                    
000029bf  IntEnable                       
00002a1b  IntDisable                      
00002ef1  __aeabi_dsub                    
00002efb  __aeabi_dadd                    
000030a7  __aeabi_idiv0                   
000030a7  __aeabi_ldiv0                   
000030a9  UART0_SendByte                  
000030b5  UART0_SendString                
000030cd  UART0_SendData                  
000030e7  UART0_ReceiveByte               
000030f9  UART0_ReceiveString             
0000311f  UART0_ReceiveData               
00003141  UART0_Init                      
000033c3  main                            
000034b5  __aeabi_ddiv                    
00003711  fputs                           
00003825  ldexp                           
00003825  ldexpl                          
00003825  scalbn                          
00003825  scalbnl                         
00003935  aligned_alloc                   
00003935  memalign                        
00003a35  __aeabi_dmul                    
00003b31  free                            
00003c15  setvbuf                         
00003da3  __aeabi_memcpy                  
00003da3  __aeabi_memcpy4                 
00003da3  __aeabi_memcpy8                 
00003da3  memcpy                          
00003e3f  __aeabi_uldivmod                
00003ed5  fputc                           
00003ed5  putc                            
00003f61  __aeabi_cdcmpeq                 
00003f61  __aeabi_cdcmple                 
00003fe7  __aeabi_cdrcmple                
0000406d  __aeabi_memclr                  
0000406d  __aeabi_memclr4                 
0000406d  __aeabi_memclr8                 
0000406f  __aeabi_memset                  
0000406f  __aeabi_memset4                 
0000406f  __aeabi_memset8                 
00004075  memset                          
000040e9  __TI_closefile                  
0000423d  HOSTrename                      
000042a9  HOSTlseek                       
00004311  __TI_decompress_lzss            
00004379  printf                          
000043e1  frexp                           
000043e1  frexpl                          
00004445  fseek                           
000044a9  __TI_wrt_ok                     
0000450d  HOSTopen                        
0000456d  close                           
000045c9  HOSTread                        
00004621  HOSTwrite                       
000046cf  __TI_ltoa                       
00004775  __TI_doflush                    
000047c1  atoi                            
0000480d  exit                            
00004855  __aeabi_d2iz                    
0000489d  HOSTclose                       
000048e1  HOSTunlink                      
00004925  __TI_auto_init_nobinit_nopinit  
00004969  getdevice                       
000049ed  __TI_writemsg                   
00004a1b  C$$IO$$                         
00004a25  calloc                          
00004a5d  CPUwfi                          
00004a5d  SysCtlSleep                     
00004a61  CPUprimask                      
00004a6b  CPUcpsie                        
00004a77  CPUcpsid                        
00004a83  CPUbasepriSet                   
00004a83  IntPriorityMaskSet              
00004a89  CPUbasepriGet                   
00004a89  IntPriorityMaskGet              
00004a93  strncpy                         
00004ac9  __TI_cleanup                    
00004afd  __TI_readmsg                    
00004b31  _c_int00_noargs                 
00004b65  finddevice                      
00004b95  mbedtls_platform_teardown       
00004b97  mbedtls_platform_setup          
00004b9b  mbedtls_platform_set_calloc_free
00004ba7  mbedtls_free                    
00004bb1  mbedtls_calloc                  
00004bc5  __aeabi_i2d                     
00004bf5  remove                          
00004bf5  unlink                          
00004c49  lseek                           
00004c71  mbedtls_platform_zeroize        
00004c83  mbedtls_zeroize_and_free        
00004c99  write                           
00004cc1  memcmp                          
00004ce5  memchr                          
00004d21  memccpy                         
00004d3d  copysign                        
00004d3d  copysignl                       
00004d57  strcmp                          
00004d6f  strchr                          
00004d85  strcpy                          
00004d99  strlen                          
00004dad  wcslen                          
00004dbf  __TI_decompress_none            
00004dcd  __TI_zero_init                  
00004dd9  ResetISR                        
00004de5  __aeabi_errno_addr              
00004ded  malloc                          
00004df5  SysCtlDelay                     
00004e03  _system_pre_init                
00004e07  C$$EXIT                         
00004e07  abort                           
00004fbc  Port_PinConfig                  
00005114  _ctypes_                        
000056e0  __TI_Handler_Table_Base         
000056ec  __TI_Handler_Table_Limit        
00005700  __TI_CINIT_Base                 
00005718  __TI_CINIT_Limit                
20000000  __start___llvm_prf_cnts         
20000000  __stop___llvm_prf_cnts          
20000000  g_pfnRAMVectors                 
2000026c  _ftable                         
2000035c  _device                         
200003d4  _stream                         
20000424  __TI_ft_end                     
20000428  __aeabi_stdin                   
2000042c  __aeabi_stdout                  
20000430  __aeabi_stderr                  
20000434  __TI_cleanup_ptr                
20000438  __TI_dtors_ptr                  
2000043c  __TI_enable_exit_profile_output 
2000044c  _lock                           
20000450  _unlock                         
2000046c  errno                           
20000470  __stack                         
20000670  __CIOBUF_                       
20000670  __STACK_END                     
20000670  __STACK_TOP                     
20000790  __TI_tmpnams                    
20000830  Port_AllowedModes               
2000083c  parmbuf                         
20000848  _sys_memory                     
ffffffff  __TI_pprof_out_hndl             
ffffffff  __TI_prof_data_size             
ffffffff  __TI_prof_data_start            
ffffffff  __binit__                       
ffffffff  __c_args__                      
ffffffff  binit                           
UNDEFED   __mpu_init                      
UNDEFED   _system_post_cinit              

[255 symbols]
